Component: ARM Compiler 5.06 update 3 (build 300) Tool: armlink [4d35c9]

==============================================================================

Section Cross References

    startup_stm32f429_439xx.o(STACK) refers (Special) to heapauxi.o(.text) for __use_two_region_memory
    startup_stm32f429_439xx.o(HEAP) refers (Special) to heapauxi.o(.text) for __use_two_region_memory
    startup_stm32f429_439xx.o(RESET) refers (Special) to heapauxi.o(.text) for __use_two_region_memory
    startup_stm32f429_439xx.o(RESET) refers to startup_stm32f429_439xx.o(STACK) for __initial_sp
    startup_stm32f429_439xx.o(RESET) refers to startup_stm32f429_439xx.o(.text) for Reset_Handler
    startup_stm32f429_439xx.o(RESET) refers to stm32f4xx_it.o(.text) for NMI_Handler
    startup_stm32f429_439xx.o(RESET) refers to tm_stm32f4_dma.o(.text) for DMA1_Stream0_IRQHandler
    startup_stm32f429_439xx.o(.text) refers (Special) to heapauxi.o(.text) for __use_two_region_memory
    startup_stm32f429_439xx.o(.text) refers to system_stm32f4xx.o(.text) for SystemInit
    startup_stm32f429_439xx.o(.text) refers to __main.o(!!!main) for __main
    startup_stm32f429_439xx.o(.text) refers to startup_stm32f429_439xx.o(HEAP) for Heap_Mem
    startup_stm32f429_439xx.o(.text) refers to startup_stm32f429_439xx.o(STACK) for Stack_Mem
    stm32f4xx_rcc.o(.text) refers to stm32f4xx_rcc.o(.data) for .data
    stm32f4xx_gpio.o(.text) refers to stm32f4xx_rcc.o(.text) for RCC_AHB1PeriphResetCmd
    stm32f4xx_i2c.o(.text) refers to stm32f4xx_rcc.o(.text) for RCC_APB1PeriphResetCmd
    stm32f4xx_spi.o(.text) refers to stm32f4xx_rcc.o(.text) for RCC_APB1PeriphResetCmd
    tm_stm32f4_delay.o(.text) refers to h1_alloc.o(.text) for malloc
    tm_stm32f4_delay.o(.text) refers to h1_free.o(.text) for free
    tm_stm32f4_delay.o(.text) refers to tm_stm32f4_delay.o(.data) for .data
    tm_stm32f4_delay.o(.text) refers to tm_stm32f4_delay.o(.bss) for .bss
    tm_stm32f4_delay.o(.text) refers to system_stm32f4xx.o(.data) for SystemCoreClock
    tm_stm32f4_fonts.o(.text) refers to strlen.o(.text) for strlen
    tm_stm32f4_fonts.o(.data) refers to tm_stm32f4_fonts.o(.constdata) for TM_Font7x10
    tm_stm32f4_fonts.o(.data) refers to tm_stm32f4_fonts.o(.constdata) for TM_Font11x18
    tm_stm32f4_fonts.o(.data) refers to tm_stm32f4_fonts.o(.constdata) for TM_Font16x26
    tm_stm32f4_stmpe811.o(.text) refers to tm_stm32f4_i2c.o(.text) for TM_I2C_Read
    tm_stm32f4_stmpe811.o(.text) refers to tm_stm32f4_delay.o(.text) for TM_DELAY_Init
    tm_stm32f4_stmpe811.o(.text) refers to tm_stm32f4_delay.o(.data) for TM_Time
    tm_stm32f4_spi.o(.text) refers to tm_stm32f4_gpio.o(.text) for TM_GPIO_InitAlternate
    tm_stm32f4_spi.o(.text) refers to stm32f4xx_spi.o(.text) for SPI_StructInit
    tm_stm32f4_spi.o(.text) refers to stm32f4xx_rcc.o(.text) for RCC_GetClocksFreq
    tm_stm32f4_i2c.o(.text) refers to tm_stm32f4_gpio.o(.text) for TM_GPIO_InitAlternate
    tm_stm32f4_i2c.o(.text) refers to stm32f4xx_i2c.o(.text) for I2C_Init
    tm_stm32f4_i2c.o(.text) refers to tm_stm32f4_i2c.o(.data) for .data
    tm_stm32f4_ili9341.o(.text) refers to stm32f4xx_gpio.o(.text) for GPIO_ResetBits
    tm_stm32f4_ili9341.o(.text) refers to tm_stm32f4_spi.o(.text) for TM_SPI_SetDataSize
    tm_stm32f4_ili9341.o(.text) refers to tm_stm32f4_spi_dma.o(.text) for TM_SPI_DMA_SendHalfWord
    tm_stm32f4_ili9341.o(.text) refers to tm_stm32f4_gpio.o(.text) for TM_GPIO_Init
    tm_stm32f4_ili9341.o(.text) refers to tm_stm32f4_ili9341.o(.data) for .data
    tm_stm32f4_gpio.o(.text) refers to tm_stm32f4_gpio.o(.bss) for .bss
    tm_stm32f4_spi_dma.o(.text) refers to stm32f4xx_dma.o(.text) for DMA_DeInit
    tm_stm32f4_spi_dma.o(.text) refers to tm_stm32f4_dma.o(.text) for TM_DMA_ClearFlag
    tm_stm32f4_spi_dma.o(.text) refers to tm_stm32f4_spi_dma.o(.data) for .data
    tm_stm32f4_spi_dma.o(.text) refers to tm_stm32f4_spi_dma.o(.bss) for .bss
    tm_stm32f4_dma.o(.text) refers to misc.o(.text) for NVIC_Init
    tm_stm32f4_dma.o(.text) refers to tm_stm32f4_dma.o(.constdata) for .constdata
    main.o(.text) refers to menu.o(.text) for LCDInitialization
    main.o(.text) refers to menu.o(.data) for ticks
    main.o(.text) refers to system_stm32f4xx.o(.data) for SystemCoreClock
    stm32f4xx_it.o(.text) refers to tm_stm32f4_delay.o(.text) for TimingDelay_Decrement
    system_stm32f4xx.o(.text) refers to system_stm32f4xx.o(.data) for .data
    delay.o(.text) refers to delay.o(.data) for .data
    menu.o(.text) refers to _printf_percent.o(.ARM.Collect$$_printf_percent$$00000000) for _printf_percent
    menu.o(.text) refers to _printf_i.o(.ARM.Collect$$_printf_percent$$00000008) for _printf_i
    menu.o(.text) refers to _printf_s.o(.ARM.Collect$$_printf_percent$$00000014) for _printf_s
    menu.o(.text) refers to _printf_dec.o(.text) for _printf_int_dec
    menu.o(.text) refers to _printf_str.o(.text) for _printf_str
[...]
    ..\\00-STM32F4xx_STANDARD_PERIPHERAL_DRIVERS\\STM32F4xx_StdPeriph_Driver\\src\\stm32f4xx_i2c.c 0x00000000   Number         0  stm32f4xx_i2c.o ABSOLUTE
    ..\\00-STM32F4xx_STANDARD_PERIPHERAL_DRIVERS\\STM32F4xx_StdPeriph_Driver\\src\\stm32f4xx_rcc.c 0x00000000   Number         0  stm32f4xx_rcc.o ABSOLUTE
    ..\\00-STM32F4xx_STANDARD_PERIPHERAL_DRIVERS\\STM32F4xx_StdPeriph_Driver\\src\\stm32f4xx_spi.c 0x00000000   Number         0  stm32f4xx_spi.o ABSOLUTE
    User\LCD.c                               0x00000000   Number         0  lcd.o ABSOLUTE
    User\\delay.c                            0x00000000   Number         0  delay.o ABSOLUTE
    User\\main.c                             0x00000000   Number         0  main.o ABSOLUTE
    User\\menu.c                             0x00000000   Number         0  menu.o ABSOLUTE
    User\\stm32f4xx_it.c                     0x00000000   Number         0  stm32f4xx_it.o ABSOLUTE
    User\\system_stm32f4xx.c                 0x00000000   Number         0  system_stm32f4xx.o ABSOLUTE
    User\core.c                              0x00000000   Number         0  core.o ABSOLUTE
    User\delay.c                             0x00000000   Number         0  delay.o ABSOLUTE
    User\main.c                              0x00000000   Number         0  main.o ABSOLUTE
    User\menu.c                              0x00000000   Number         0  menu.o ABSOLUTE
    User\stm32f4xx_it.c                      0x00000000   Number         0  stm32f4xx_it.o ABSOLUTE
    User\system_stm32f4xx.c                  0x00000000   Number         0  system_stm32f4xx.o ABSOLUTE
    dc.s                                     0x00000000   Number         0  dc.o ABSOLUTE
    RESET                                    0x08000000   Section      428  startup_stm32f429_439xx.o(RESET)
    !!!main                                  0x080001ac   Section        8  __main.o(!!!main)
    !!!scatter                               0x080001b4   Section       52  __scatter.o(!!!scatter)
    !!dczerorl2                              0x080001e8   Section       90  __dczerorl2.o(!!dczerorl2)
    !!handler_zi                             0x08000244   Section       28  __scatter_zi.o(!!handler_zi)
    .ARM.Collect$$_printf_percent$$00000000  0x08000260   Section        0  _printf_percent.o(.ARM.Collect$$_printf_percent$$00000000)
    .ARM.Collect$$_printf_percent$$00000008  0x08000260   Section        6  _printf_i.o(.ARM.Collect$$_printf_percent$$00000008)
    .ARM.Collect$$_printf_percent$$00000014  0x08000266   Section        6  _printf_s.o(.ARM.Collect$$_printf_percent$$00000014)
    .ARM.Collect$$_printf_percent$$00000017  0x0800026c   Section        4  _printf_percent_end.o(.ARM.Collect$$_printf_percent$$00000017)
    .ARM.Collect$$libinit$$00000000          0x08000270   Section        2  libinit.o(.ARM.Collect$$libinit$$00000000)
    .ARM.Collect$$libinit$$00000001          0x08000272   Section        4  libinit2.o(.ARM.Collect$$libinit$$00000001)
    .ARM.Collect$$libinit$$00000004          0x08000276   Section        0  libinit2.o(.ARM.Collect$$libinit$$00000004)
    .ARM.Collect$$libinit$$00000005          0x08000276   Section        8  libinit2.o(.ARM.Collect$$libinit$$00000005)
    .ARM.Collect$$libinit$$0000000A          0x0800027e   Section        0  libinit2.o(.ARM.Collect$$libinit$$0000000A)
    .ARM.Collect$$libinit$$0000000C          0x0800027e   Section        0  libinit2.o(.ARM.Collect$$libinit$$0000000C)
    .ARM.Collect$$libinit$$0000000E          0x0800027e   Section        0  libinit2.o(.ARM.Collect$$libinit$$0000000E)
    .ARM.Collect$$libinit$$00000011          0x0800027e   Section        0  libinit2.o(.ARM.Collect$$libinit$$00000011)
    .ARM.Collect$$libinit$$00000013          0x0800027e   Section        0  libinit2.o(.ARM.Collect$$libinit$$00000013)
    .ARM.Collect$$libinit$$00000015          0x0800027e   Section        0  libinit2.o(.ARM.Collect$$libinit$$00000015)
    .ARM.Collect$$libinit$$00000017          0x0800027e   Section        0  libinit2.o(.ARM.Collect$$libinit$$00000017)
    .ARM.Collect$$libinit$$00000019          0x0800027e   Section        0  libinit2.o(.ARM.Collect$$libinit$$00000019)
    .ARM.Collect$$libinit$$0000001B          0x0800027e   Section        0  libinit2.o(.ARM.Collect$$libinit$$0000001B)
    .ARM.Collect$$libinit$$0000001D          0x0800027e   Section        0  libinit2.o(.ARM.Collect$$libinit$$0000001D)
    .ARM.Collect$$libinit$$0000001F          0x0800027e   Section        0  libinit2.o(.ARM.Collect$$libinit$$0000001F)
    .ARM.Collect$$libinit$$00000021          0x0800027e   Section        0  libinit2.o(.ARM.Collect$$libinit$$00000021)
    .ARM.Collect$$libinit$$00000023          0x0800027e   Section        0  libinit2.o(.ARM.Collect$$libinit$$00000023)
    .ARM.Collect$$libinit$$00000025          0x0800027e   Section        0  libinit2.o(.ARM.Collect$$libinit$$00000025)
    .ARM.Collect$$libinit$$0000002C          0x0800027e   Section        0  libinit2.o(.ARM.Collect$$libinit$$0000002C)
    .ARM.Collect$$libinit$$0000002E          0x0800027e   Section        0  libinit2.o(.ARM.Collect$$libinit$$0000002E)
    .ARM.Collect$$libinit$$00000030          0x0800027e   Section        0  libinit2.o(.ARM.Collect$$libinit$$00000030)
    .ARM.Collect$$libinit$$00000032          0x0800027e   Section        0  libinit2.o(.ARM.Collect$$libinit$$00000032)
    .ARM.Collect$$libinit$$00000033          0x0800027e   Section        2  libinit2.o(.ARM.Collect$$libinit$$00000033)
    .ARM.Collect$$libshutdown$$00000000      0x08000280   Section        2  libshutdown.o(.ARM.Collect$$libshutdown$$00000000)
    .ARM.Collect$$libshutdown$$00000002      0x08000282   Section        0  libshutdown2.o(.ARM.Collect$$libshutdown$$00000002)
    .ARM.Collect$$libshutdown$$00000004      0x08000282   Section        0  libshutdown2.o(.ARM.Collect$$libshutdown$$00000004)
    .ARM.Collect$$libshutdown$$00000007      0x08000282   Section        0  libshutdown2.o(.ARM.Collect$$libshutdown$$00000007)
    .ARM.Collect$$libshutdown$$0000000A      0x08000282   Section        0  libshutdown2.o(.ARM.Collect$$libshutdown$$0000000A)
    .ARM.Collect$$libshutdown$$0000000C      0x08000282   Section        0  libshutdown2.o(.ARM.Collect$$libshutdown$$0000000C)
    .ARM.Collect$$libshutdown$$0000000F      0x08000282   Section        0  libshutdown2.o(.ARM.Collect$$libshutdown$$0000000F)
    .ARM.Collect$$libshutdown$$00000010      0x08000282   Section        2  libshutdown2.o(.ARM.Collect$$libshutdown$$00000010)
    .ARM.Collect$$rtentry$$00000000          0x08000284   Section        0  __rtentry.o(.ARM.Collect$$rtentry$$00000000)
    .ARM.Collect$$rtentry$$00000002          0x08000284   Section        0  __rtentry2.o(.ARM.Collect$$rtentry$$00000002)
    .ARM.Collect$$rtentry$$00000004          0x08000284   Section        6  __rtentry4.o(.ARM.Collect$$rtentry$$00000004)
    .ARM.Collect$$rtentry$$00000009          0x0800028a   Section        0  __rtentry2.o(.ARM.Collect$$rtentry$$00000009)
    .ARM.Collect$$rtentry$$0000000A          0x0800028a   Section        4  __rtentry2.o(.ARM.Collect$$rtentry$$0000000A)
    .ARM.Collect$$rtentry$$0000000C          0x0800028e   Section        0  __rtentry2.o(.ARM.Collect$$rtentry$$0000000C)
    .ARM.Collect$$rtentry$$0000000D          0x0800028e   Section        8  __rtentry2.o(.ARM.Collect$$rtentry$$0000000D)
    .ARM.Collect$$rtexit$$00000000           0x08000296   Section        2  rtexit.o(.ARM.Collect$$rtexit$$00000000)
    .ARM.Collect$$rtexit$$00000002           0x08000298   Section        0  rtexit2.o(.ARM.Collect$$rtexit$$00000002)
    .ARM.Collect$$rtexit$$00000003           0x08000298   Section        4  rtexit2.o(.ARM.Collect$$rtexit$$00000003)
    .ARM.Collect$$rtexit$$00000004           0x0800029c   Section        6  rtexit2.o(.ARM.Collect$$rtexit$$00000004)
    .emb_text                                0x080002a4   Section        0  maybetermalloc1.o(.emb_text)
    .text                                    0x080002a4   Section       64  startup_stm32f429_439xx.o(.text)
    $v0                                      0x080002a4   Number         0  startup_stm32f429_439xx.o(.text)
    .text                                    0x080002e4   Section        0  misc.o(.text)
    .text                                    0x08000394   Section        0  stm32f4xx_rcc.o(.text)
    .text                                    0x0800081c   Section        0  stm32f4xx_gpio.o(.text)
    .text                                    0x08000a28   Section        0  stm32f4xx_i2c.o(.text)
    .text                                    0x08000d88   Section        0  stm32f4xx_spi.o(.text)
    .text                                    0x080010b4   Section        0  stm32f4xx_dma.o(.text)
    .text                                    0x080013d4   Section        0  tm_stm32f4_delay.o(.text)
    .text                                    0x08001554   Section        0  tm_stm32f4_stmpe811.o(.text)
    Delayms                                  0x0800183b   Thumb Code    44  tm_stm32f4_stmpe811.o(.text)
    .text                                    0x08001874   Section        0  tm_stm32f4_spi.o(.text)
    TM_SPIx_Init                             0x080019f9   Thumb Code   290  tm_stm32f4_spi.o(.text)
    .text                                    0x08001eb4   Section        0  tm_stm32f4_i2c.o(.text)
    .text                                    0x0800231c   Section        0  tm_stm32f4_ili9341.o(.text)
    TM_SPI_Send                              0x0800231d   Thumb Code    42  tm_stm32f4_ili9341.o(.text)
    .text                                    0x08002c80   Section        0  tm_stm32f4_gpio.o(.text)
    .text                                    0x08002f1c   Section        0  tm_stm32f4_spi_dma.o(.text)
    TM_SPI_DMA_INT_GetSettings               0x08002f1d   Thumb Code    62  tm_stm32f4_spi_dma.o(.text)
    .text                                    0x08003204   Section        0  tm_stm32f4_dma.o(.text)
    TM_DMA_INT_ProcessInterrupt              0x08003325   Thumb Code   102  tm_stm32f4_dma.o(.text)
    .text                                    0x080033f8   Section        0  main.o(.text)
    .text                                    0x080034a0   Section        0  stm32f4xx_it.o(.text)
    .text                                    0x080034bc   Section        0  system_stm32f4xx.o(.text)
    SetSysClock                              0x080034bd   Thumb Code   190  system_stm32f4xx.o(.text)
    .text                                    0x08003658   Section        0  menu.o(.text)
    Delayms                                  0x08003deb   Thumb Code    44  menu.o(.text)
    .text                                    0x08003e74   Section        0  h1_alloc.o(.text)
    .text                                    0x08003ed2   Section        0  h1_free.o(.text)
    .text                                    0x08003f20   Section        0  noretval__2sprintf.o(.text)
    .text                                    0x08003f48   Section        0  __printf.o(.text)
    .text                                    0x08003fb0   Section        0  _printf_str.o(.text)
    .text                                    0x08004004   Section        0  _printf_dec.o(.text)
    .text                                    0x0800407c   Section      138  rt_memcpy_v6.o(.text)
    .text                                    0x08004106   Section      100  rt_memcpy_w.o(.text)
    .text                                    0x0800416a   Section        0  heapauxi.o(.text)
    .text                                    0x08004170   Section        8  rt_heap_descriptor_intlibspace.o(.text)
    .text                                    0x08004178   Section        0  hguard.o(.text)
    .text                                    0x0800417c   Section        0  init_alloc.o(.text)
    .text                                    0x08004206   Section        0  h1_init.o(.text)
    .text                                    0x08004214   Section        0  _printf_intcommon.o(.text)
    .text                                    0x080042c8   Section        0  _printf_char_common.o(.text)
    _printf_input_char                       0x080042c9   Thumb Code    10  _printf_char_common.o(.text)
    .text                                    0x080042f8   Section        0  _sputc.o(.text)
    .text                                    0x08004302   Section        0  _printf_char.o(.text)
    .text                                    0x08004330   Section        8  libspace.o(.text)
    .text                                    0x08004338   Section        0  h1_extend.o(.text)
    .text                                    0x0800436c   Section        0  defsig_rtmem_outer.o(.text)
    .text                                    0x0800437a   Section        2  use_no_semi.o(.text)
    .text                                    0x0800437c   Section        0  indicate_semi.o(.text)
    .text                                    0x0800437c   Section       74  sys_stackheap_outer.o(.text)
    .text                                    0x080043c6   Section        0  exit.o(.text)
    .text                                    0x080043d8   Section        0  defsig_exit.o(.text)
    .text                                    0x080043e4   Section        0  defsig_rtmem_inner.o(.text)
    .text                                    0x08004434   Section        0  sys_exit.o(.text)
    .text                                    0x08004440   Section        0  defsig_general.o(.text)
    .text                                    0x08004472   Section        0  sys_wrch.o(.text)
    x$fpl$fpinit                             0x08004480   Section       10  fpinit.o(x$fpl$fpinit)
    $v0                                      0x08004480   Number         0  fpinit.o(x$fpl$fpinit)
    .constdata                               0x0800448a   Section     1900  tm_stm32f4_fonts.o(.constdata)
    .constdata                               0x08004bf6   Section     3420  tm_stm32f4_fonts.o(.constdata)
    .constdata                               0x08005952   Section       20  tm_stm32f4_dma.o(.constdata)
    DMA_Flags_Bit_Pos                        0x08005952   Data           4  tm_stm32f4_dma.o(.constdata)
    DMA_IRQs                                 0x08005956   Data          16  tm_stm32f4_dma.o(.constdata)
    .data                                    0x20000000   Section       16  stm32f4xx_rcc.o(.data)
    APBAHBPrescTable                         0x20000000   Data          16  stm32f4xx_rcc.o(.data)
    .data                                    0x20000010   Section       16  tm_stm32f4_delay.o(.data)
    .data                                    0x20000020   Section        8  tm_stm32f4_fonts.o(.data)
    .data                                    0x20000028   Section        8  tm_stm32f4_fonts.o(.data)
    .data                                    0x20000030   Section       16  tm_stm32f4_i2c.o(.data)
    TM_I2C_Timeout                           0x20000030   Data           4  tm_stm32f4_i2c.o(.data)
    TM_I2C_INT_Clocks                        0x20000034   Data          12  tm_stm32f4_i2c.o(.data)
    .data                                    0x20000040   Section       10  tm_stm32f4_ili9341.o(.data)
    .data                                    0x2000004c   Section      144  tm_stm32f4_spi_dma.o(.data)
    SPI1_DMA_INT                             0x2000004c   Data          24  tm_stm32f4_spi_dma.o(.data)
    SPI2_DMA_INT                             0x20000064   Data          24  tm_stm32f4_spi_dma.o(.data)
    SPI3_DMA_INT                             0x2000007c   Data          24  tm_stm32f4_spi_dma.o(.data)
    SPI4_DMA_INT                             0x20000094   Data          24  tm_stm32f4_spi_dma.o(.data)
    SPI5_DMA_INT                             0x200000ac   Data          24  tm_stm32f4_spi_dma.o(.data)
    SPI6_DMA_INT                             0x200000c4   Data          24  tm_stm32f4_spi_dma.o(.data)
    .data                                    0x200000dc   Section       20  system_stm32f4xx.o(.data)
    .data                                    0x200000f0   Section      236  menu.o(.data)
    .bss                                     0x200001dc   Section       24  tm_stm32f4_delay.o(.bss)
    CustomTimers                             0x200001dc   Data          24  tm_stm32f4_delay.o(.bss)
    .bss                                     0x200001f4   Section       22  tm_stm32f4_gpio.o(.bss)
    GPIO_UsedPins                            0x200001f4   Data          22  tm_stm32f4_gpio.o(.bss)
    .bss                                     0x2000020c   Section       60  tm_stm32f4_spi_dma.o(.bss)
    DMA_InitStruct                           0x2000020c   Data          60  tm_stm32f4_spi_dma.o(.bss)
    .bss                                     0x20000248   Section       30  menu.o(.bss)
    .bss                                     0x20000268   Section       96  libspace.o(.bss)
    HEAP                                     0x200002c8   Section      512  startup_stm32f429_439xx.o(HEAP)
    Heap_Mem                                 0x200002c8   Data         512  startup_stm32f429_439xx.o(HEAP)
    STACK                                    0x200004c8   Section     1024  startup_stm32f429_439xx.o(STACK)
    Stack_Mem                                0x200004c8   Data        1024  startup_stm32f429_439xx.o(STACK)
    __initial_sp                             0x200008c8   Data           0  startup_stm32f429_439xx.o(STACK)

    Global Symbols

    Symbol Name                              Value     Ov Type        Size  Object(Section)

    BuildAttributes$$THM_ISAv4$E$P$D$K$B$S$7EM$VFPi3$EXTD16$VFPS$VFMA$PE$A:L22UL41UL21$X:L11$S22US41US21$IEEE1$IW$USESV6$~STKCKD$USESV7$~SHL$OTIME$ROPI$EBA8$UX$STANDARDLIB$REQ8$PRES8$EABIv2 0x00000000   Number         0  anon$$obj.o ABSOLUTE
    __ARM_use_no_argv                        0x00000000   Number         0  main.o ABSOLUTE
    TM_DELAY_1msHandler                       - Undefined Weak Reference
    __ARM_exceptions_init                     - Undefined Weak Reference
    __alloca_initialize                       - Undefined Weak Reference
    __arm_preinit_                            - Undefined Weak Reference
    __cpp_initialize__aeabi_                  - Undefined Weak Reference
    __cxa_finalize                            - Undefined Weak Reference
    __rt_locale                               - Undefined Weak Reference
    __sigvec_lookup                           - Undefined Weak Reference
    __user_heap_extent                        - Undefined Weak Reference
    _atexit_init                              - Undefined Weak Reference
    _call_atexit_fns                          - Undefined Weak Reference
    _clock_init                               - Undefined Weak Reference
    _fp_trap_init                             - Undefined Weak Reference
    _fp_trap_shutdown                         - Undefined Weak Reference
    _get_lc_collate                           - Undefined Weak Reference
    _get_lc_ctype                             - Undefined Weak Reference
    _get_lc_monetary                          - Undefined Weak Reference
    _get_lc_numeric                           - Undefined Weak Reference
    _get_lc_time                              - Undefined Weak Reference
    _getenv_init                              - Undefined Weak Reference
    _handle_redirection                       - Undefined Weak Reference
    _initio                                   - Undefined Weak Reference
    _mutex_acquire                            - Undefined Weak Reference
    _mutex_free                               - Undefined Weak Reference
    _mutex_release                            - Undefined Weak Reference
    _printf_mbtowc                            - Undefined Weak Reference
    _printf_post_padding                      - Undefined Weak Reference
    _printf_pre_padding                       - Undefined Weak Reference
    _printf_truncate_signed                   - Undefined Weak Reference
    _printf_truncate_unsigned                 - Undefined Weak Reference
    _rand_init                                - Undefined Weak Reference
    _signal_finish                            - Undefined Weak Reference
    _signal_init                              - Undefined Weak Reference
    _terminateio                              - Undefined Weak Reference
    __Vectors_Size                           0x000001ac   Number         0  startup_stm32f429_439xx.o ABSOLUTE
    __Vectors                                0x08000000   Data           4  startup_stm32f429_439xx.o(RESET)
    __Vectors_End                            0x080001ac   Data           0  startup_stm32f429_439xx.o(RESET)
    __main                                   0x080001ad   Thumb Code     8  __main.o(!!!main)
    __scatterload                            0x080001b5   Thumb Code     0  __scatter.o(!!!scatter)
    __scatterload_rt2                        0x080001b5   Thumb Code    44  __scatter.o(!!!scatter)
    __scatterload_rt2_thumb_only             0x080001b5   Thumb Code     0  __scatter.o(!!!scatter)
    __scatterload_null                       0x080001c3   Thumb Code     0  __scatter.o(!!!scatter)
    __decompress                             0x080001e9   Thumb Code    90  __dczerorl2.o(!!dczerorl2)
    __decompress1                            0x080001e9   Thumb Code     0  __dczerorl2.o(!!dczerorl2)
    __scatterload_zeroinit                   0x08000245   Thumb Code    28  __scatter_zi.o(!!handler_zi)
    _printf_i                                0x08000261   Thumb Code     0  _printf_i.o(.ARM.Collect$$_printf_percent$$00000008)
    _printf_percent                          0x08000261   Thumb Code     0  _printf_percent.o(.ARM.Collect$$_printf_percent$$00000000)
    _printf_s                                0x08000267   Thumb Code     0  _printf_s.o(.ARM.Collect$$_printf_percent$$00000014)
    _printf_percent_end                      0x0800026d   Thumb Code     0  _printf_percent_end.o(.ARM.Collect$$_printf_percent$$00000017)
    __rt_lib_init                            0x08000271   Thumb Code     0  libinit.o(.ARM.Collect$$libinit$$00000000)
    __rt_lib_init_fp_1                       0x08000273   Thumb Code     0  libinit2.o(.ARM.Collect$$libinit$$00000001)
    __rt_lib_init_heap_2                     0x08000277   Thumb Code     0  libinit2.o(.ARM.Collect$$libinit$$00000005)
    __rt_lib_init_preinit_1                  0x08000277   Thumb Code     0  libinit2.o(.ARM.Collect$$libinit$$00000004)
    __rt_lib_init_alloca_1                   0x0800027f   Thumb Code     0  libinit2.o(.ARM.Collect$$libinit$$0000002E)
    __rt_lib_init_argv_1                     0x0800027f   Thumb Code     0  libinit2.o(.ARM.Collect$$libinit$$0000002C)
    __rt_lib_init_atexit_1                   0x0800027f   Thumb Code     0  libinit2.o(.ARM.Collect$$libinit$$0000001B)
    __rt_lib_init_clock_1                    0x0800027f   Thumb Code     0  libinit2.o(.ARM.Collect$$libinit$$00000021)
    __rt_lib_init_cpp_1                      0x0800027f   Thumb Code     0  libinit2.o(.ARM.Collect$$libinit$$00000032)
    __rt_lib_init_exceptions_1               0x0800027f   Thumb Code     0  libinit2.o(.ARM.Collect$$libinit$$00000030)
    __rt_lib_init_fp_trap_1                  0x0800027f   Thumb Code     0  libinit2.o(.ARM.Collect$$libinit$$0000001F)
    __rt_lib_init_getenv_1                   0x0800027f   Thumb Code     0  libinit2.o(.ARM.Collect$$libinit$$00000023)
    __rt_lib_init_heap_1                     0x0800027f   Thumb Code     0  libinit2.o(.ARM.Collect$$libinit$$0000000A)
    __rt_lib_init_lc_collate_1               0x0800027f   Thumb Code     0  libinit2.o(.ARM.Collect$$libinit$$00000011)
    __rt_lib_init_lc_ctype_1                 0x0800027f   Thumb Code     0  libinit2.o(.ARM.Collect$$libinit$$00000013)
    __rt_lib_init_lc_monetary_1              0x0800027f   Thumb Code     0  libinit2.o(.ARM.Collect$$libinit$$00000015)
    __rt_lib_init_lc_numeric_1               0x0800027f   Thumb Code     0  libinit2.o(.ARM.Collect$$libinit$$00000017)
    __rt_lib_init_lc_time_1                  0x0800027f   Thumb Code     0  libinit2.o(.ARM.Collect$$libinit$$00000019)
    __rt_lib_init_rand_1                     0x0800027f   Thumb Code     0  libinit2.o(.ARM.Collect$$libinit$$0000000E)
    __rt_lib_init_return                     0x0800027f   Thumb Code     0  libinit2.o(.ARM.Collect$$libinit$$00000033)
    __rt_lib_init_signal_1                   0x0800027f   Thumb Code     0  libinit2.o(.ARM.Collect$$libinit$$0000001D)
    __rt_lib_init_stdio_1                    0x0800027f   Thumb Code     0  libinit2.o(.ARM.Collect$$libinit$$00000025)
    __rt_lib_init_user_alloc_1               0x0800027f   Thumb Code     0  libinit2.o(.ARM.Collect$$libinit$$0000000C)
    __rt_lib_shutdown                        0x08000281   Thumb Code     0  libshutdown.o(.ARM.Collect$$libshutdown$$00000000)
    __rt_lib_shutdown_cpp_1                  0x08000283   Thumb Code     0  libshutdown2.o(.ARM.Collect$$libshutdown$$00000002)
    __rt_lib_shutdown_fp_trap_1              0x08000283   Thumb Code     0  libshutdown2.o(.ARM.Collect$$libshutdown$$00000007)
    __rt_lib_shutdown_heap_1                 0x08000283   Thumb Code     0  libshutdown2.o(.ARM.Collect$$libshutdown$$0000000F)
    __rt_lib_shutdown_return                 0x08000283   Thumb Code     0  libshutdown2.o(.ARM.Collect$$libshutdown$$00000010)
    __rt_lib_shutdown_signal_1               0x08000283   Thumb Code     0  libshutdown2.o(.ARM.Collect$$libshutdown$$0000000A)
    __rt_lib_shutdown_stdio_1                0x08000283   Thumb Code     0  libshutdown2.o(.ARM.Collect$$libshutdown$$00000004)
    __rt_lib_shutdown_user_alloc_1           0x08000283   Thumb Code     0  libshutdown2.o(.ARM.Collect$$libshutdown$$0000000C)
    __rt_entry                               0x08000285   Thumb Code     0  __rtentry.o(.ARM.Collect$$rtentry$$00000000)
    __rt_entry_presh_1                       0x08000285   Thumb Code     0  __rtentry2.o(.ARM.Collect$$rtentry$$00000002)
    __rt_entry_sh                            0x08000285   Thumb Code     0  __rtentry4.o(.ARM.Collect$$rtentry$$00000004)
    __rt_entry_li                            0x0800028b   Thumb Code     0  __rtentry2.o(.ARM.Collect$$rtentry$$0000000A)
    __rt_entry_postsh_1                      0x0800028b   Thumb Code     0  __rtentry2.o(.ARM.Collect$$rtentry$$00000009)
    __rt_entry_main                          0x0800028f   Thumb Code     0  __rtentry2.o(.ARM.Collect$$rtentry$$0000000D)
    __rt_entry_postli_1                      0x0800028f   Thumb Code     0  __rtentry2.o(.ARM.Collect$$rtentry$$0000000C)
    __rt_exit                                0x08000297   Thumb Code     0  rtexit.o(.ARM.Collect$$rtexit$$00000000)
    __rt_exit_ls                             0x08000299   Thumb Code     0  rtexit2.o(.ARM.Collect$$rtexit$$00000003)
    __rt_exit_prels_1                        0x08000299   Thumb Code     0  rtexit2.o(.ARM.Collect$$rtexit$$00000002)
    __rt_exit_exit                           0x0800029d   Thumb Code     0  rtexit2.o(.ARM.Collect$$rtexit$$00000004)
    Reset_Handler                            0x080002a5   Thumb Code     8  startup_stm32f429_439xx.o(.text)
    _maybe_terminate_alloc                   0x080002a5   Thumb Code     0  maybetermalloc1.o(.emb_text)
    ADC_IRQHandler                           0x080002bf   Thumb Code     0  startup_stm32f429_439xx.o(.text)
    CAN1_RX0_IRQHandler                      0x080002bf   Thumb Code     0  startup_stm32f429_439xx.o(.text)
    CAN1_RX1_IRQHandler                      0x080002bf   Thumb Code     0  startup_stm32f429_439xx.o(.text)
    CAN1_SCE_IRQHandler                      0x080002bf   Thumb Code     0  startup_stm32f429_439xx.o(.text)
    CAN1_TX_IRQHandler                       0x080002bf   Thumb Code     0  startup_stm32f429_439xx.o(.text)
    CAN2_RX0_IRQHandler                      0x080002bf   Thumb Code     0  startup_stm32f429_439xx.o(.text)
    CAN2_RX1_IRQHandler                      0x080002bf   Thumb Code     0  startup_stm32f429_439xx.o(.text)
    CAN2_SCE_IRQHandler                      0x080002bf   Thumb Code     0  startup_stm32f429_439xx.o(.text)
    CAN2_TX_IRQHandler                       0x080002bf   Thumb Code     0  startup_stm32f429_439xx.o(.text)
    CRYP_IRQHandler                          0x080002bf   Thumb Code     0  startup_stm32f429_439xx.o(.text)
    DCMI_IRQHandler                          0x080002bf   Thumb Code     0  startup_stm32f429_439xx.o(.text)
    DMA2D_IRQHandler                         0x080002bf   Thumb Code     0  startup_stm32f429_439xx.o(.text)
    ETH_IRQHandler                           0x080002bf   Thumb Code     0  startup_stm32f429_439xx.o(.text)
    ETH_WKUP_IRQHandler                      0x080002bf   Thumb Code     0  startup_stm32f429_439xx.o(.text)
    EXTI0_IRQHandler                         0x080002bf   Thumb Code     0  startup_stm32f429_439xx.o(.text)
    EXTI15_10_IRQHandler                     0x080002bf   Thumb Code     0  startup_stm32f429_439xx.o(.text)
    EXTI1_IRQHandler                         0x080002bf   Thumb Code     0  startup_stm32f429_439xx.o(.text)
    EXTI2_IRQHandler                         0x080002bf   Thumb Code     0  startup_stm32f429_439xx.o(.text)
    EXTI3_IRQHandler                         0x080002bf   Thumb Code     0  startup_stm32f429_439xx.o(.text)
    EXTI4_IRQHandler                         0x080002bf   Thumb Code     0  startup_stm32f429_439xx.o(.text)
    EXTI9_5_IRQHandler                       0x080002bf   Thumb Code     0  startup_stm32f429_439xx.o(.text)
    FLASH_IRQHandler                         0x080002bf   Thumb Code     0  startup_stm32f429_439xx.o(.text)
    FMC_IRQHandler                           0x080002bf   Thumb Code     0  startup_stm32f429_439xx.o(.text)
    FPU_IRQHandler                           0x080002bf   Thumb Code     0  startup_stm32f429_439xx.o(.text)
    HASH_RNG_IRQHandler                      0x080002bf   Thumb Code     0  startup_stm32f429_439xx.o(.text)
    I2C1_ER_IRQHandler                       0x080002bf   Thumb Code     0  startup_stm32f429_439xx.o(.text)
    I2C1_EV_IRQHandler                       0x080002bf   Thumb Code     0  startup_stm32f429_439xx.o(.text)
    I2C2_ER_IRQHandler                       0x080002bf   Thumb Code     0  startup_stm32f429_439xx.o(.text)
    I2C2_EV_IRQHandler                       0x080002bf   Thumb Code     0  startup_stm32f429_439xx.o(.text)
    I2C3_ER_IRQHandler                       0x080002bf   Thumb Code     0  startup_stm32f429_439xx.o(.text)
    I2C3_EV_IRQHandler                       0x080002bf   Thumb Code     0  startup_stm32f429_439xx.o(.text)
    LTDC_ER_IRQHandler                       0x080002bf   Thumb Code     0  startup_stm32f429_439xx.o(.text)
    LTDC_IRQHandler                          0x080002bf   Thumb Code     0  startup_stm32f429_439xx.o(.text)
    OTG_FS_IRQHandler                        0x080002bf   Thumb Code     0  startup_stm32f429_439xx.o(.text)
    OTG_FS_WKUP_IRQHandler                   0x080002bf   Thumb Code     0  startup_stm32f429_439xx.o(.text)
    OTG_HS_EP1_IN_IRQHandler                 0x080002bf   Thumb Code     0  startup_stm32f429_439xx.o(.text)
    OTG_HS_EP1_OUT_IRQHandler                0x080002bf   Thumb Code     0  startup_stm32f429_439xx.o(.text)
    OTG_HS_IRQHandler                        0x080002bf   Thumb Code     0  startup_stm32f429_439xx.o(.text)
    OTG_HS_WKUP_IRQHandler                   0x080002bf   Thumb Code     0  startup_stm32f429_439xx.o(.text)
    PVD_IRQHandler                           0x080002bf   Thumb Code     0  startup_stm32f429_439xx.o(.text)
    RCC_IRQHandler                           0x080002bf   Thumb Code     0  startup_stm32f429_439xx.o(.text)
    RTC_Alarm_IRQHandler                     0x080002bf   Thumb Code     0  startup_stm32f429_439xx.o(.text)
    RTC_WKUP_IRQHandler                      0x080002bf   Thumb Code     0  startup_stm32f429_439xx.o(.text)
    SAI1_IRQHandler                          0x080002bf   Thumb Code     0  startup_stm32f429_439xx.o(.text)
    SDIO_IRQHandler                          0x080002bf   Thumb Code     0  startup_stm32f429_439xx.o(.text)
    SPI1_IRQHandler                          0x080002bf   Thumb Code     0  startup_stm32f429_439xx.o(.text)
    SPI2_IRQHandler                          0x080002bf   Thumb Code     0  startup_stm32f429_439xx.o(.text)
    SPI3_IRQHandler                          0x080002bf   Thumb Code     0  startup_stm32f429_439xx.o(.text)
    SPI4_IRQHandler                          0x080002bf   Thumb Code     0  startup_stm32f429_439xx.o(.text)
    SPI5_IRQHandler                          0x080002bf   Thumb Code     0  startup_stm32f429_439xx.o(.text)
    SPI6_IRQHandler                          0x080002bf   Thumb Code     0  startup_stm32f429_439xx.o(.text)
    TAMP_STAMP_IRQHandler                    0x080002bf   Thumb Code     0  startup_stm32f429_439xx.o(.text)
    TIM1_BRK_TIM9_IRQHandler                 0x080002bf   Thumb Code     0  startup_stm32f429_439xx.o(.text)
    TIM1_CC_IRQHandler                       0x080002bf   Thumb Code     0  startup_stm32f429_439xx.o(.text)
    TIM1_TRG_COM_TIM11_IRQHandler            0x080002bf   Thumb Code     0  startup_stm32f429_439xx.o(.text)
    TIM1_UP_TIM10_IRQHandler                 0x080002bf   Thumb Code     0  startup_stm32f429_439xx.o(.text)
    TIM2_IRQHandler                          0x080002bf   Thumb Code     0  startup_stm32f429_439xx.o(.text)
    TIM3_IRQHandler                          0x080002bf   Thumb Code     0  startup_stm32f429_439xx.o(.text)
    TIM4_IRQHandler                          0x080002bf   Thumb Code     0  startup_stm32f429_439xx.o(.text)
    TIM5_IRQHandler                          0x080002bf   Thumb Code     0  startup_stm32f429_439xx.o(.text)
    TIM6_DAC_IRQHandler                      0x080002bf   Thumb Code     0  startup_stm32f429_439xx.o(.text)
    TIM7_IRQHandler                          0x080002bf   Thumb Code     0  startup_stm32f429_439xx.o(.text)
    TIM8_BRK_TIM12_IRQHandler                0x080002bf   Thumb Code     0  startup_stm32f429_439xx.o(.text)
    TIM8_CC_IRQHandler                       0x080002bf   Thumb Code     0  startup_stm32f429_439xx.o(.text)
    TIM8_TRG_COM_TIM14_IRQHandler            0x080002bf   Thumb Code     0  startup_stm32f429_439xx.o(.text)
    TIM8_UP_TIM13_IRQHandler                 0x080002bf   Thumb Code     0  startup_stm32f429_439xx.o(.text)
    UART4_IRQHandler                         0x080002bf   Thumb Code     0  startup_stm32f429_439xx.o(.text)
    UART5_IRQHandler                         0x080002bf   Thumb Code     0  startup_stm32f429_439xx.o(.text)
    UART7_IRQHandler                         0x080002bf   Thumb Code     0  startup_stm32f429_439xx.o(.text)
    UART8_IRQHandler                         0x080002bf   Thumb Code     0  startup_stm32f429_439xx.o(.text)
    USART1_IRQHandler                        0x080002bf   Thumb Code     0  startup_stm32f429_439xx.o(.text)
    USART2_IRQHandler                        0x080002bf   Thumb Code     0  startup_stm32f429_439xx.o(.text)
    USART3_IRQHandler                        0x080002bf   Thumb Code     0  startup_stm32f429_439xx.o(.text)
    USART6_IRQHandler                        0x080002bf   Thumb Code     0  startup_stm32f429_439xx.o(.text)
    WWDG_IRQHandler                          0x080002bf   Thumb Code     0  startup_stm32f429_439xx.o(.text)
    __user_initial_stackheap                 0x080002c1   Thumb Code     0  startup_stm32f429_439xx.o(.text)
    NVIC_PriorityGroupConfig                 0x080002e5   Thumb Code    10  misc.o(.text)
    NVIC_Init                                0x080002ef   Thumb Code    96  misc.o(.text)
    NVIC_SetVectorTable                      0x0800034f   Thumb Code    14  misc.o(.text)
    NVIC_SystemLPConfig                      0x0800035d   Thumb Code    20  misc.o(.text)
    SysTick_CLKSourceConfig                  0x08000371   Thumb Code    24  misc.o(.text)
    RCC_DeInit                               0x08000395   Thumb Code    68  stm32f4xx_rcc.o(.text)
    RCC_HSEConfig                            0x080003d9   Thumb Code    12  stm32f4xx_rcc.o(.text)
    RCC_GetFlagStatus                        0x080003e5   Thumb Code    46  stm32f4xx_rcc.o(.text)
    RCC_WaitForHSEStartUp                    0x08000413   Thumb Code    44  stm32f4xx_rcc.o(.text)
    RCC_AdjustHSICalibrationValue            0x0800043f   Thumb Code    16  stm32f4xx_rcc.o(.text)
    RCC_HSICmd                               0x0800044f   Thumb Code     6  stm32f4xx_rcc.o(.text)
    RCC_LSEConfig                            0x08000455   Thumb Code    24  stm32f4xx_rcc.o(.text)
    RCC_LSICmd                               0x0800046d   Thumb Code     6  stm32f4xx_rcc.o(.text)
    RCC_PLLConfig                            0x08000473   Thumb Code    32  stm32f4xx_rcc.o(.text)
    RCC_PLLCmd                               0x08000493   Thumb Code     6  stm32f4xx_rcc.o(.text)
    RCC_PLLI2SConfig                         0x08000499   Thumb Code    18  stm32f4xx_rcc.o(.text)
    RCC_PLLI2SCmd                            0x080004ab   Thumb Code     6  stm32f4xx_rcc.o(.text)
    RCC_PLLSAIConfig                         0x080004b1   Thumb Code    18  stm32f4xx_rcc.o(.text)
    RCC_PLLSAICmd                            0x080004c3   Thumb Code     6  stm32f4xx_rcc.o(.text)
    RCC_ClockSecuritySystemCmd               0x080004c9   Thumb Code     6  stm32f4xx_rcc.o(.text)
    RCC_MCO1Config                           0x080004cf   Thumb Code    18  stm32f4xx_rcc.o(.text)
    RCC_MCO2Config                           0x080004e1   Thumb Code    18  stm32f4xx_rcc.o(.text)
    RCC_SYSCLKConfig                         0x080004f3   Thumb Code    16  stm32f4xx_rcc.o(.text)
    RCC_GetSYSCLKSource                      0x08000503   Thumb Code    12  stm32f4xx_rcc.o(.text)
    RCC_HCLKConfig                           0x0800050f   Thumb Code    16  stm32f4xx_rcc.o(.text)
    RCC_PCLK1Config                          0x0800051f   Thumb Code    16  stm32f4xx_rcc.o(.text)
    RCC_PCLK2Config                          0x0800052f   Thumb Code    18  stm32f4xx_rcc.o(.text)
    RCC_GetClocksFreq                        0x08000541   Thumb Code   134  stm32f4xx_rcc.o(.text)
    RCC_RTCCLKConfig                         0x080005c7   Thumb Code    42  stm32f4xx_rcc.o(.text)
    RCC_RTCCLKCmd                            0x080005f1   Thumb Code     8  stm32f4xx_rcc.o(.text)
    RCC_BackupResetCmd                       0x080005f9   Thumb Code     8  stm32f4xx_rcc.o(.text)
    RCC_I2SCLKConfig                         0x08000601   Thumb Code     8  stm32f4xx_rcc.o(.text)
    RCC_SAIBlockACLKConfig                   0x08000609   Thumb Code    16  stm32f4xx_rcc.o(.text)
    RCC_SAIBlockBCLKConfig                   0x08000619   Thumb Code    16  stm32f4xx_rcc.o(.text)
    RCC_SAIPLLI2SClkDivConfig                0x08000629   Thumb Code    18  stm32f4xx_rcc.o(.text)
    RCC_SAIPLLSAIClkDivConfig                0x0800063b   Thumb Code    24  stm32f4xx_rcc.o(.text)
    RCC_LTDCCLKDivConfig                     0x08000653   Thumb Code    16  stm32f4xx_rcc.o(.text)
    RCC_TIMCLKPresConfig                     0x08000663   Thumb Code     8  stm32f4xx_rcc.o(.text)
    RCC_AHB1PeriphClockCmd                   0x0800066b   Thumb Code    20  stm32f4xx_rcc.o(.text)
    RCC_AHB2PeriphClockCmd                   0x0800067f   Thumb Code    20  stm32f4xx_rcc.o(.text)
    RCC_AHB3PeriphClockCmd                   0x08000693   Thumb Code    20  stm32f4xx_rcc.o(.text)
    RCC_APB1PeriphClockCmd                   0x080006a7   Thumb Code    20  stm32f4xx_rcc.o(.text)
    RCC_APB2PeriphClockCmd                   0x080006bb   Thumb Code    20  stm32f4xx_rcc.o(.text)
    RCC_AHB1PeriphResetCmd                   0x080006cf   Thumb Code    20  stm32f4xx_rcc.o(.text)
    RCC_AHB2PeriphResetCmd                   0x080006e3   Thumb Code    20  stm32f4xx_rcc.o(.text)
    RCC_AHB3PeriphResetCmd                   0x080006f7   Thumb Code    20  stm32f4xx_rcc.o(.text)
    RCC_APB1PeriphResetCmd                   0x0800070b   Thumb Code    20  stm32f4xx_rcc.o(.text)
    RCC_APB2PeriphResetCmd                   0x0800071f   Thumb Code    20  stm32f4xx_rcc.o(.text)
    RCC_AHB1PeriphClockLPModeCmd             0x08000733   Thumb Code    20  stm32f4xx_rcc.o(.text)
    RCC_AHB2PeriphClockLPModeCmd             0x08000747   Thumb Code    20  stm32f4xx_rcc.o(.text)
    RCC_AHB3PeriphClockLPModeCmd             0x0800075b   Thumb Code    20  stm32f4xx_rcc.o(.text)
    RCC_APB1PeriphClockLPModeCmd             0x0800076f   Thumb Code    68  stm32f4xx_rcc.o(.text)
    RCC_APB2PeriphClockLPModeCmd             0x080007b3   Thumb Code    18  stm32f4xx_rcc.o(.text)
    RCC_LSEModeConfig                        0x080007c5   Thumb Code    24  stm32f4xx_rcc.o(.text)
    RCC_ITConfig                             0x080007dd   Thumb Code    20  stm32f4xx_rcc.o(.text)
    RCC_ClearFlag                            0x080007f1   Thumb Code    14  stm32f4xx_rcc.o(.text)
    RCC_GetITStatus                          0x080007ff   Thumb Code    18  stm32f4xx_rcc.o(.text)
    RCC_ClearITPendingBit                    0x08000811   Thumb Code     8  stm32f4xx_rcc.o(.text)
    GPIO_DeInit                              0x0800081d   Thumb Code   216  stm32f4xx_gpio.o(.text)
    GPIO_Init                                0x080008f5   Thumb Code   120  stm32f4xx_gpio.o(.text)
    GPIO_StructInit                          0x0800096d   Thumb Code    18  stm32f4xx_gpio.o(.text)
    GPIO_PinLockConfig                       0x0800097f   Thumb Code    24  stm32f4xx_gpio.o(.text)
    GPIO_ReadInputDataBit                    0x08000997   Thumb Code    14  stm32f4xx_gpio.o(.text)
    GPIO_ReadInputData                       0x080009a5   Thumb Code     6  stm32f4xx_gpio.o(.text)
    GPIO_ReadOutputDataBit                   0x080009ab   Thumb Code    14  stm32f4xx_gpio.o(.text)
    GPIO_ReadOutputData                      0x080009b9   Thumb Code     6  stm32f4xx_gpio.o(.text)
    GPIO_SetBits                             0x080009bf   Thumb Code     4  stm32f4xx_gpio.o(.text)
    GPIO_ResetBits                           0x080009c3   Thumb Code     4  stm32f4xx_gpio.o(.text)
    GPIO_WriteBit                            0x080009c7   Thumb Code    10  stm32f4xx_gpio.o(.text)
    GPIO_Write                               0x080009d1   Thumb Code     4  stm32f4xx_gpio.o(.text)
    GPIO_ToggleBits                          0x080009d5   Thumb Code     8  stm32f4xx_gpio.o(.text)
    GPIO_PinAFConfig                         0x080009dd   Thumb Code    32  stm32f4xx_gpio.o(.text)
    I2C_DeInit                               0x08000a29   Thumb Code    56  stm32f4xx_i2c.o(.text)
    I2C_Init                                 0x08000a61   Thumb Code   174  stm32f4xx_i2c.o(.text)
    I2C_StructInit                           0x08000b0f   Thumb Code    28  stm32f4xx_i2c.o(.text)
    I2C_Cmd                                  0x08000b2b   Thumb Code    20  stm32f4xx_i2c.o(.text)
    I2C_AnalogFilterCmd                      0x08000b3f   Thumb Code    20  stm32f4xx_i2c.o(.text)
    I2C_DigitalFilterConfig                  0x08000b53   Thumb Code    16  stm32f4xx_i2c.o(.text)
    I2C_GenerateSTART                        0x08000b63   Thumb Code    20  stm32f4xx_i2c.o(.text)
    I2C_GenerateSTOP                         0x08000b77   Thumb Code    20  stm32f4xx_i2c.o(.text)
    I2C_Send7bitAddress                      0x08000b8b   Thumb Code    16  stm32f4xx_i2c.o(.text)
    I2C_AcknowledgeConfig                    0x08000b9b   Thumb Code    20  stm32f4xx_i2c.o(.text)
    I2C_OwnAddress2Config                    0x08000baf   Thumb Code    16  stm32f4xx_i2c.o(.text)
    I2C_DualAddressCmd                       0x08000bbf   Thumb Code    20  stm32f4xx_i2c.o(.text)
    I2C_GeneralCallCmd                       0x08000bd3   Thumb Code    20  stm32f4xx_i2c.o(.text)
    I2C_SoftwareResetCmd                     0x08000be7   Thumb Code    20  stm32f4xx_i2c.o(.text)
    I2C_StretchClockCmd                      0x08000bfb   Thumb Code    20  stm32f4xx_i2c.o(.text)
    I2C_FastModeDutyCycleConfig              0x08000c0f   Thumb Code    22  stm32f4xx_i2c.o(.text)
    I2C_NACKPositionConfig                   0x08000c25   Thumb Code    22  stm32f4xx_i2c.o(.text)
    I2C_SMBusAlertConfig                     0x08000c3b   Thumb Code    22  stm32f4xx_i2c.o(.text)
    I2C_ARPCmd                               0x08000c51   Thumb Code    20  stm32f4xx_i2c.o(.text)
    I2C_SendData                             0x08000c65   Thumb Code     4  stm32f4xx_i2c.o(.text)
    I2C_ReceiveData                          0x08000c69   Thumb Code     6  stm32f4xx_i2c.o(.text)
    I2C_TransmitPEC                          0x08000c6f   Thumb Code    20  stm32f4xx_i2c.o(.text)
    I2C_PECPositionConfig                    0x08000c83   Thumb Code    22  stm32f4xx_i2c.o(.text)
    I2C_CalculatePEC                         0x08000c99   Thumb Code    20  stm32f4xx_i2c.o(.text)
    I2C_GetPEC                               0x08000cad   Thumb Code     6  stm32f4xx_i2c.o(.text)
    I2C_DMACmd                               0x08000cb3   Thumb Code    20  stm32f4xx_i2c.o(.text)
    I2C_DMALastTransferCmd                   0x08000cc7   Thumb Code    20  stm32f4xx_i2c.o(.text)
    I2C_ReadRegister                         0x08000cdb   Thumb Code    10  stm32f4xx_i2c.o(.text)
    I2C_ITConfig                             0x08000ce5   Thumb Code    16  stm32f4xx_i2c.o(.text)
    I2C_CheckEvent                           0x08000cf5   Thumb Code    24  stm32f4xx_i2c.o(.text)
    I2C_GetLastEvent                         0x08000d0d   Thumb Code    14  stm32f4xx_i2c.o(.text)
    I2C_GetFlagStatus                        0x08000d1b   Thumb Code    42  stm32f4xx_i2c.o(.text)
    I2C_ClearFlag                            0x08000d45   Thumb Code     6  stm32f4xx_i2c.o(.text)
    I2C_GetITStatus                          0x08000d4b   Thumb Code    36  stm32f4xx_i2c.o(.text)
    I2C_ClearITPendingBit                    0x08000d6f   Thumb Code     6  stm32f4xx_i2c.o(.text)
    SPI_I2S_DeInit                           0x08000d89   Thumb Code   108  stm32f4xx_spi.o(.text)
    SPI_Init                                 0x08000df5   Thumb Code    56  stm32f4xx_spi.o(.text)
    I2S_Init                                 0x08000e2d   Thumb Code   198  stm32f4xx_spi.o(.text)
    SPI_StructInit                           0x08000ef3   Thumb Code    24  stm32f4xx_spi.o(.text)
    I2S_StructInit                           0x08000f0b   Thumb Code    18  stm32f4xx_spi.o(.text)
    SPI_Cmd                                  0x08000f1d   Thumb Code    20  stm32f4xx_spi.o(.text)
    I2S_Cmd                                  0x08000f31   Thumb Code    20  stm32f4xx_spi.o(.text)
    SPI_DataSizeConfig                       0x08000f45   Thumb Code    16  stm32f4xx_spi.o(.text)
    SPI_BiDirectionalLineConfig              0x08000f55   Thumb Code    22  stm32f4xx_spi.o(.text)
    SPI_NSSInternalSoftwareConfig            0x08000f6b   Thumb Code    24  stm32f4xx_spi.o(.text)
    SPI_SSOutputCmd                          0x08000f83   Thumb Code    20  stm32f4xx_spi.o(.text)
    SPI_TIModeCmd                            0x08000f97   Thumb Code    20  stm32f4xx_spi.o(.text)
    I2S_FullDuplexConfig                     0x08000fab   Thumb Code    58  stm32f4xx_spi.o(.text)
    SPI_I2S_ReceiveData                      0x08000fe5   Thumb Code     4  stm32f4xx_spi.o(.text)
    SPI_I2S_SendData                         0x08000fe9   Thumb Code     4  stm32f4xx_spi.o(.text)
    SPI_CalculateCRC                         0x08000fed   Thumb Code    20  stm32f4xx_spi.o(.text)
    SPI_TransmitCRC                          0x08001001   Thumb Code    10  stm32f4xx_spi.o(.text)
    SPI_GetCRC                               0x0800100b   Thumb Code    12  stm32f4xx_spi.o(.text)
    SPI_GetCRCPolynomial                     0x08001017   Thumb Code     4  stm32f4xx_spi.o(.text)
    SPI_I2S_DMACmd                           0x0800101b   Thumb Code    16  stm32f4xx_spi.o(.text)
    SPI_I2S_ITConfig                         0x0800102b   Thumb Code    24  stm32f4xx_spi.o(.text)
    SPI_I2S_GetFlagStatus                    0x08001043   Thumb Code    14  stm32f4xx_spi.o(.text)
    SPI_I2S_ClearFlag                        0x08001051   Thumb Code     6  stm32f4xx_spi.o(.text)
    SPI_I2S_GetITStatus                      0x08001057   Thumb Code    44  stm32f4xx_spi.o(.text)
    SPI_I2S_ClearITPendingBit                0x08001083   Thumb Code    14  stm32f4xx_spi.o(.text)
    DMA_DeInit                               0x080010b5   Thumb Code   272  stm32f4xx_dma.o(.text)
    DMA_Init                                 0x080011c5   Thumb Code    80  stm32f4xx_dma.o(.text)
    DMA_StructInit                           0x08001215   Thumb Code    34  stm32f4xx_dma.o(.text)
    DMA_Cmd                                  0x08001237   Thumb Code    20  stm32f4xx_dma.o(.text)
    DMA_PeriphIncOffsetSizeConfig            0x0800124b   Thumb Code    20  stm32f4xx_dma.o(.text)
    DMA_FlowControllerConfig                 0x0800125f   Thumb Code    20  stm32f4xx_dma.o(.text)
    DMA_SetCurrDataCounter                   0x08001273   Thumb Code     4  stm32f4xx_dma.o(.text)
    DMA_GetCurrDataCounter                   0x08001277   Thumb Code     6  stm32f4xx_dma.o(.text)
    DMA_DoubleBufferModeConfig               0x0800127d   Thumb Code    22  stm32f4xx_dma.o(.text)
    DMA_DoubleBufferModeCmd                  0x08001293   Thumb Code    20  stm32f4xx_dma.o(.text)
    DMA_MemoryTargetConfig                   0x080012a7   Thumb Code    10  stm32f4xx_dma.o(.text)
    DMA_GetCurrentMemoryTarget               0x080012b1   Thumb Code    14  stm32f4xx_dma.o(.text)
    DMA_GetCmdStatus                         0x080012bf   Thumb Code    14  stm32f4xx_dma.o(.text)
    DMA_GetFIFOStatus                        0x080012cd   Thumb Code     8  stm32f4xx_dma.o(.text)
    DMA_GetFlagStatus                        0x080012d5   Thumb Code    42  stm32f4xx_dma.o(.text)
    DMA_ClearFlag                            0x080012ff   Thumb Code    34  stm32f4xx_dma.o(.text)
    DMA_ITConfig                             0x08001321   Thumb Code    44  stm32f4xx_dma.o(.text)
    DMA_GetITStatus                          0x0800134d   Thumb Code    70  stm32f4xx_dma.o(.text)
    DMA_ClearITPendingBit                    0x08001393   Thumb Code    34  stm32f4xx_dma.o(.text)
    TimingDelay_Decrement                    0x080013d5   Thumb Code    88  tm_stm32f4_delay.o(.text)
    TM_DELAY_Init                            0x0800142d   Thumb Code    60  tm_stm32f4_delay.o(.text)
    TM_DELAY_EnableDelayTimer                0x08001469   Thumb Code    22  tm_stm32f4_delay.o(.text)
    TM_DELAY_DisableDelayTimer               0x0800147f   Thumb Code    14  tm_stm32f4_delay.o(.text)
    TM_DELAY_TimerCreate                     0x0800148d   Thumb Code    68  tm_stm32f4_delay.o(.text)
    TM_DELAY_TimerDelete                     0x080014d1   Thumb Code    86  tm_stm32f4_delay.o(.text)
    TM_DELAY_TimerStop                       0x08001527   Thumb Code     6  tm_stm32f4_delay.o(.text)
    TM_DELAY_TimerStart                      0x0800152d   Thumb Code     6  tm_stm32f4_delay.o(.text)
    TM_DELAY_TimerReset                      0x08001533   Thumb Code     6  tm_stm32f4_delay.o(.text)
    TM_DELAY_TimerAutoReload                 0x08001539   Thumb Code     4  tm_stm32f4_delay.o(.text)
    TM_DELAY_TimerAutoReloadValue            0x0800153d   Thumb Code     4  tm_stm32f4_delay.o(.text)
    TM_STMPE811_Read                         0x08001555   Thumb Code    10  tm_stm32f4_stmpe811.o(.text)
    TM_STMPE811_Init                         0x0800155f   Thumb Code   320  tm_stm32f4_stmpe811.o(.text)
    TM_STMPE811_ReadY                        0x0800169f   Thumb Code    80  tm_stm32f4_stmpe811.o(.text)
    TM_STMPE811_ReadX                        0x080016ef   Thumb Code    94  tm_stm32f4_stmpe811.o(.text)
    TM_STMPE811_ReadTouch                    0x0800174d   Thumb Code   238  tm_stm32f4_stmpe811.o(.text)
    TM_SPI_InitCustomPinsCallback            0x08001875   Thumb Code     2  tm_stm32f4_spi.o(.text)
    TM_SPI6_INT_InitPins                     0x08001877   Thumb Code    42  tm_stm32f4_spi.o(.text)
    TM_SPI5_INT_InitPins                     0x080018a1   Thumb Code    76  tm_stm32f4_spi.o(.text)
    TM_SPI4_INT_InitPins                     0x080018ed   Thumb Code    60  tm_stm32f4_spi.o(.text)
    TM_SPI3_INT_InitPins                     0x08001929   Thumb Code    60  tm_stm32f4_spi.o(.text)
    TM_SPI2_INT_InitPins                     0x08001965   Thumb Code    90  tm_stm32f4_spi.o(.text)
    TM_SPI1_INT_InitPins                     0x080019bf   Thumb Code    58  tm_stm32f4_spi.o(.text)
    TM_SPI_Init                              0x08001b1b   Thumb Code   136  tm_stm32f4_spi.o(.text)
    TM_SPI_InitWithMode                      0x08001ba3   Thumb Code   134  tm_stm32f4_spi.o(.text)
    TM_SPI_InitFull                          0x08001c29   Thumb Code   200  tm_stm32f4_spi.o(.text)
    TM_SPI_GetPrescalerFromMaxFrequency      0x08001cf1   Thumb Code    78  tm_stm32f4_spi.o(.text)
    TM_SPI_SetDataSize                       0x08001d3f   Thumb Code    44  tm_stm32f4_spi.o(.text)
    TM_SPI_SendMulti                         0x08001d6b   Thumb Code    52  tm_stm32f4_spi.o(.text)
    TM_SPI_WriteMulti                        0x08001d9f   Thumb Code    50  tm_stm32f4_spi.o(.text)
    TM_SPI_ReadMulti                         0x08001dd1   Thumb Code    50  tm_stm32f4_spi.o(.text)
    TM_SPI_SendMulti16                       0x08001e03   Thumb Code    56  tm_stm32f4_spi.o(.text)
    TM_SPI_WriteMulti16                      0x08001e3b   Thumb Code    52  tm_stm32f4_spi.o(.text)
    TM_SPI_ReadMulti16                       0x08001e6f   Thumb Code    52  tm_stm32f4_spi.o(.text)
    TM_I2C_InitCustomPinsCallback            0x08001eb5   Thumb Code     2  tm_stm32f4_i2c.o(.text)
    TM_I2C_Init                              0x08001eb7   Thumb Code   390  tm_stm32f4_i2c.o(.text)
    TM_I2C_ReadNack                          0x0800203d   Thumb Code    64  tm_stm32f4_i2c.o(.text)
    TM_I2C_Start                             0x0800207d   Thumb Code   122  tm_stm32f4_i2c.o(.text)
    TM_I2C_Stop                              0x080020f7   Thumb Code    48  tm_stm32f4_i2c.o(.text)
    TM_I2C_WriteData                         0x08002127   Thumb Code    28  tm_stm32f4_i2c.o(.text)
    TM_I2C_Read                              0x08002143   Thumb Code    50  tm_stm32f4_i2c.o(.text)
    TM_I2C_ReadAck                           0x08002175   Thumb Code    56  tm_stm32f4_i2c.o(.text)
    TM_I2C_ReadMulti                         0x080021ad   Thumb Code    72  tm_stm32f4_i2c.o(.text)
    TM_I2C_ReadNoRegister                    0x080021f5   Thumb Code    20  tm_stm32f4_i2c.o(.text)
    TM_I2C_ReadMultiNoRegister               0x08002209   Thumb Code    42  tm_stm32f4_i2c.o(.text)
    TM_I2C_Write                             0x08002233   Thumb Code    40  tm_stm32f4_i2c.o(.text)
    TM_I2C_WriteMulti                        0x0800225b   Thumb Code    48  tm_stm32f4_i2c.o(.text)
    TM_I2C_WriteNoRegister                   0x0800228b   Thumb Code    74  tm_stm32f4_i2c.o(.text)
    TM_I2C_WriteMultiNoRegister              0x080022d5   Thumb Code    42  tm_stm32f4_i2c.o(.text)
    TM_I2C_IsDeviceConnected                 0x080022ff   Thumb Code    28  tm_stm32f4_i2c.o(.text)
    TM_ILI9341_SendCommand                   0x08002347   Thumb Code    44  tm_stm32f4_ili9341.o(.text)
    TM_ILI9341_SendData                      0x08002373   Thumb Code    44  tm_stm32f4_ili9341.o(.text)
    TM_ILI9341_SetCursorPosition             0x0800239f   Thumb Code    74  tm_stm32f4_ili9341.o(.text)
    TM_ILI9341_INT_Fill                      0x080023e9   Thumb Code   146  tm_stm32f4_ili9341.o(.text)
    TM_ILI9341_Fill                          0x0800247b   Thumb Code    26  tm_stm32f4_ili9341.o(.text)
    TM_ILI9341_Delay                         0x08002495   Thumb Code    16  tm_stm32f4_ili9341.o(.text)
    TM_ILI9341_InitLCD                       0x080024a5   Thumb Code   620  tm_stm32f4_ili9341.o(.text)
    TM_ILI9341_Init                          0x08002711   Thumb Code   142  tm_stm32f4_ili9341.o(.text)
    TM_ILI9341_DisplayOn                     0x0800279f   Thumb Code     4  tm_stm32f4_ili9341.o(.text)
    TM_ILI9341_DisplayOff                    0x080027a3   Thumb Code     4  tm_stm32f4_ili9341.o(.text)
    TM_ILI9341_DrawPixel                     0x080027a7   Thumb Code    34  tm_stm32f4_ili9341.o(.text)
    TM_ILI9341_Rotate                        0x080027c9   Thumb Code    78  tm_stm32f4_ili9341.o(.text)
    TM_ILI9341_Putc                          0x08002817   Thumb Code   152  tm_stm32f4_ili9341.o(.text)
    TM_ILI9341_Puts                          0x080028af   Thumb Code    86  tm_stm32f4_ili9341.o(.text)
    TM_ILI9341_GetStringSize                 0x08002905   Thumb Code    28  tm_stm32f4_ili9341.o(.text)
    TM_ILI9341_DrawLine                      0x08002921   Thumb Code   218  tm_stm32f4_ili9341.o(.text)
    TM_ILI9341_DrawRectangle                 0x080029fb   Thumb Code    68  tm_stm32f4_ili9341.o(.text)
    TM_ILI9341_DrawFilledRectangle           0x08002a3f   Thumb Code    44  tm_stm32f4_ili9341.o(.text)
    TM_ILI9341_DrawCircle                    0x08002a6b   Thumb Code   284  tm_stm32f4_ili9341.o(.text)
    TM_ILI9341_DrawFilledCircle              0x08002b87   Thumb Code   248  tm_stm32f4_ili9341.o(.text)
    TM_GPIO_GetPortSource                    0x08002c81   Thumb Code    10  tm_stm32f4_gpio.o(.text)
    TM_GPIO_INT_Init                         0x08002c8b   Thumb Code   130  tm_stm32f4_gpio.o(.text)
    TM_GPIO_INT_EnableClock                  0x08002d0d   Thumb Code    20  tm_stm32f4_gpio.o(.text)
    TM_GPIO_Init                             0x08002d21   Thumb Code    34  tm_stm32f4_gpio.o(.text)
    TM_GPIO_InitAlternate                    0x08002d43   Thumb Code    92  tm_stm32f4_gpio.o(.text)
    TM_GPIO_DeInit                           0x08002d9f   Thumb Code    66  tm_stm32f4_gpio.o(.text)
    TM_GPIO_SetPinAsInput                    0x08002de1   Thumb Code    38  tm_stm32f4_gpio.o(.text)
    TM_GPIO_SetPinAsOutput                   0x08002e07   Thumb Code    46  tm_stm32f4_gpio.o(.text)
    TM_GPIO_SetPinAsAnalog                   0x08002e35   Thumb Code    38  tm_stm32f4_gpio.o(.text)
    TM_GPIO_SetPinAsAlternate                0x08002e5b   Thumb Code    48  tm_stm32f4_gpio.o(.text)
    TM_GPIO_SetPullResistor                  0x08002e8b   Thumb Code    46  tm_stm32f4_gpio.o(.text)
    TM_GPIO_Lock                             0x08002eb9   Thumb Code    16  tm_stm32f4_gpio.o(.text)
    TM_GPIO_GetPinSource                     0x08002ec9   Thumb Code    18  tm_stm32f4_gpio.o(.text)
    TM_GPIO_INT_DisableClock                 0x08002edb   Thumb Code    20  tm_stm32f4_gpio.o(.text)
    TM_GPIO_GetUsedPins                      0x08002eef   Thumb Code    14  tm_stm32f4_gpio.o(.text)
    TM_GPIO_GetFreePins                      0x08002efd   Thumb Code    18  tm_stm32f4_gpio.o(.text)
    TM_SPI_DMA_Init                          0x08002f5b   Thumb Code    74  tm_stm32f4_spi_dma.o(.text)
    TM_SPI_DMA_InitWithStreamAndChannel      0x08002fa5   Thumb Code    30  tm_stm32f4_spi_dma.o(.text)
    TM_SPI_DMA_Deinit                        0x08002fc3   Thumb Code    24  tm_stm32f4_spi_dma.o(.text)
    TM_SPI_DMA_Transmit                      0x08002fdb   Thumb Code   210  tm_stm32f4_spi_dma.o(.text)
    TM_SPI_DMA_SendByte                      0x080030ad   Thumb Code    94  tm_stm32f4_spi_dma.o(.text)
    TM_SPI_DMA_SendHalfWord                  0x0800310b   Thumb Code   102  tm_stm32f4_spi_dma.o(.text)
    TM_SPI_DMA_Working                       0x08003171   Thumb Code    40  tm_stm32f4_spi_dma.o(.text)
    TM_SPI_DMA_GetStreamTX                   0x08003199   Thumb Code    10  tm_stm32f4_spi_dma.o(.text)
    TM_SPI_DMA_GetStreamRX                   0x080031a3   Thumb Code    10  tm_stm32f4_spi_dma.o(.text)
    TM_SPI_DMA_EnableInterrupts              0x080031ad   Thumb Code    24  tm_stm32f4_spi_dma.o(.text)
    TM_SPI_DMA_DisableInterrupts             0x080031c5   Thumb Code    24  tm_stm32f4_spi_dma.o(.text)
    TM_DMA_ClearFlag                         0x08003205   Thumb Code    52  tm_stm32f4_dma.o(.text)
    TM_DMA_ClearFlags                        0x08003239   Thumb Code     4  tm_stm32f4_dma.o(.text)
    TM_DMA_GetFlags                          0x0800323d   Thumb Code    52  tm_stm32f4_dma.o(.text)
    TM_DMA_EnableInterrupts                  0x08003271   Thumb Code    94  tm_stm32f4_dma.o(.text)
    TM_DMA_DisableInterrupts                 0x080032cf   Thumb Code    76  tm_stm32f4_dma.o(.text)
    TM_DMA_TransferCompleteHandler           0x0800331b   Thumb Code     2  tm_stm32f4_dma.o(.text)
    TM_DMA_HalfTransferCompleteHandler       0x0800331d   Thumb Code     2  tm_stm32f4_dma.o(.text)
    TM_DMA_TransferErrorHandler              0x0800331f   Thumb Code     2  tm_stm32f4_dma.o(.text)
    TM_DMA_DirectModeErrorHandler            0x08003321   Thumb Code     2  tm_stm32f4_dma.o(.text)
    TM_DMA_FIFOErrorHandler                  0x08003323   Thumb Code     2  tm_stm32f4_dma.o(.text)
    DMA1_Stream0_IRQHandler                  0x0800338b   Thumb Code     6  tm_stm32f4_dma.o(.text)
    DMA1_Stream1_IRQHandler                  0x08003391   Thumb Code     6  tm_stm32f4_dma.o(.text)
    DMA1_Stream2_IRQHandler                  0x08003397   Thumb Code     6  tm_stm32f4_dma.o(.text)
    DMA1_Stream3_IRQHandler                  0x0800339d   Thumb Code     6  tm_stm32f4_dma.o(.text)
    DMA1_Stream4_IRQHandler                  0x080033a3   Thumb Code     6  tm_stm32f4_dma.o(.text)
    DMA1_Stream5_IRQHandler                  0x080033a9   Thumb Code     6  tm_stm32f4_dma.o(.text)
    DMA1_Stream6_IRQHandler                  0x080033af   Thumb Code     6  tm_stm32f4_dma.o(.text)
    DMA1_Stream7_IRQHandler                  0x080033b5   Thumb Code     6  tm_stm32f4_dma.o(.text)
    DMA2_Stream0_IRQHandler                  0x080033bb   Thumb Code     4  tm_stm32f4_dma.o(.text)
    DMA2_Stream1_IRQHandler                  0x080033bf   Thumb Code     6  tm_stm32f4_dma.o(.text)
    DMA2_Stream2_IRQHandler                  0x080033c5   Thumb Code     6  tm_stm32f4_dma.o(.text)
    DMA2_Stream3_IRQHandler                  0x080033cb   Thumb Code     6  tm_stm32f4_dma.o(.text)
    DMA2_Stream4_IRQHandler                  0x080033d1   Thumb Code     6  tm_stm32f4_dma.o(.text)
    DMA2_Stream5_IRQHandler                  0x080033d7   Thumb Code     6  tm_stm32f4_dma.o(.text)
    DMA2_Stream6_IRQHandler                  0x080033dd   Thumb Code     6  tm_stm32f4_dma.o(.text)
    DMA2_Stream7_IRQHandler                  0x080033e3   Thumb Code     6  tm_stm32f4_dma.o(.text)
    SystickHandler                           0x080033f9   Thumb Code    10  main.o(.text)
    main                                     0x08003403   Thumb Code   126  main.o(.text)
    NMI_Handler                              0x080034a1   Thumb Code     2  stm32f4xx_it.o(.text)
    HardFault_Handler                        0x080034a3   Thumb Code     2  stm32f4xx_it.o(.text)
    MemManage_Handler                        0x080034a5   Thumb Code     2  stm32f4xx_it.o(.text)
    BusFault_Handler                         0x080034a7   Thumb Code     2  stm32f4xx_it.o(.text)
    UsageFault_Handler                       0x080034a9   Thumb Code     2  stm32f4xx_it.o(.text)
    SVC_Handler                              0x080034ab   Thumb Code     2  stm32f4xx_it.o(.text)
    DebugMon_Handler                         0x080034ad   Thumb Code     2  stm32f4xx_it.o(.text)
    PendSV_Handler                           0x080034af   Thumb Code     2  stm32f4xx_it.o(.text)
    SysTick_Handler                          0x080034b3   Thumb Code     8  stm32f4xx_it.o(.text)
    SystemInit                               0x0800357b   Thumb Code    74  system_stm32f4xx.o(.text)
    SystemCoreClockUpdate                    0x080035c5   Thumb Code   108  system_stm32f4xx.o(.text)
    Draw_Rectangle                           0x08003659   Thumb Code    78  menu.o(.text)
    LCDInitialization                        0x080036a7   Thumb Code    68  menu.o(.text)
    print_choose                             0x080036eb   Thumb Code   114  menu.o(.text)
    change_money                             0x0800375d   Thumb Code   234  menu.o(.text)
    show_menu                                0x08003847   Thumb Code   258  menu.o(.text)
    show_new_game                            0x08003949   Thumb Code   242  menu.o(.text)
    change_menu                              0x08003a3b   Thumb Code   312  menu.o(.text)
    exit_game                                0x08003b73   Thumb Code    80  menu.o(.text)
    Cards_Randomize                          0x08003bc3   Thumb Code    90  menu.o(.text)
    StringToPoint                            0x08003c1d   Thumb Code   102  menu.o(.text)
    ShowCards                                0x08003c83   Thumb Code   238  menu.o(.text)
    PlayCards                                0x08003d71   Thumb Code   122  menu.o(.text)
    malloc                                   0x08003e75   Thumb Code    94  h1_alloc.o(.text)
    free                                     0x08003ed3   Thumb Code    78  h1_free.o(.text)
    __2sprintf                               0x08003f21   Thumb Code    34  noretval__2sprintf.o(.text)
    __printf                                 0x08003f49   Thumb Code   104  __printf.o(.text)
    _printf_str                              0x08003fb1   Thumb Code    82  _printf_str.o(.text)
    _printf_int_dec                          0x08004005   Thumb Code   104  _printf_dec.o(.text)
    __aeabi_memcpy                           0x0800407d   Thumb Code     0  rt_memcpy_v6.o(.text)
    __rt_memcpy                              0x0800407d   Thumb Code   138  rt_memcpy_v6.o(.text)
    _memcpy_lastbytes                        0x080040e3   Thumb Code     0  rt_memcpy_v6.o(.text)
    __aeabi_memcpy4                          0x08004107   Thumb Code     0  rt_memcpy_w.o(.text)
    __aeabi_memcpy8                          0x08004107   Thumb Code     0  rt_memcpy_w.o(.text)
    __rt_memcpy_w                            0x08004107   Thumb Code   100  rt_memcpy_w.o(.text)
    _memcpy_lastbytes_aligned                0x0800414f   Thumb Code     0  rt_memcpy_w.o(.text)
    __use_two_region_memory                  0x0800416b   Thumb Code     2  heapauxi.o(.text)
    __rt_heap_escrow                         0x0800416d   Thumb Code     2  heapauxi.o(.text)
    __rt_heap_expand                         0x0800416f   Thumb Code     2  heapauxi.o(.text)
    __rt_heap_descriptor                     0x08004171   Thumb Code     8  rt_heap_descriptor_intlibspace.o(.text)
    __use_no_heap                            0x08004179   Thumb Code     2  hguard.o(.text)
    __heap$guard                             0x0800417b   Thumb Code     2  hguard.o(.text)
    _terminate_user_alloc                    0x0800417d   Thumb Code     2  init_alloc.o(.text)
    _init_user_alloc                         0x0800417f   Thumb Code     2  init_alloc.o(.text)
    __Heap_Full                              0x08004181   Thumb Code    34  init_alloc.o(.text)
    __Heap_Broken                            0x080041a3   Thumb Code     6  init_alloc.o(.text)
    _init_alloc                              0x080041a9   Thumb Code    94  init_alloc.o(.text)
    __Heap_Initialize                        0x08004207   Thumb Code    10  h1_init.o(.text)
    __Heap_DescSize                          0x08004211   Thumb Code     4  h1_init.o(.text)
    _printf_int_common                       0x08004215   Thumb Code   178  _printf_intcommon.o(.text)
    _printf_char_common                      0x080042d3   Thumb Code    32  _printf_char_common.o(.text)
    _sputc                                   0x080042f9   Thumb Code    10  _sputc.o(.text)
    _printf_cs_common                        0x08004303   Thumb Code    20  _printf_char.o(.text)
    _printf_char                             0x08004317   Thumb Code    16  _printf_char.o(.text)
    _printf_string                           0x08004327   Thumb Code     8  _printf_char.o(.text)
    __user_libspace                          0x08004331   Thumb Code     8  libspace.o(.text)
    __user_perproc_libspace                  0x08004331   Thumb Code     0  libspace.o(.text)
    __user_perthread_libspace                0x08004331   Thumb Code     0  libspace.o(.text)
    __Heap_ProvideMemory                     0x08004339   Thumb Code    52  h1_extend.o(.text)
    __rt_SIGRTMEM                            0x0800436d   Thumb Code    14  defsig_rtmem_outer.o(.text)
    __I$use$semihosting                      0x0800437b   Thumb Code     0  use_no_semi.o(.text)
    __use_no_semihosting_swi                 0x0800437b   Thumb Code     2  use_no_semi.o(.text)
    __semihosting_library_function           0x0800437d   Thumb Code     0  indicate_semi.o(.text)
    __user_setup_stackheap                   0x0800437d   Thumb Code    74  sys_stackheap_outer.o(.text)
    exit                                     0x080043c7   Thumb Code    18  exit.o(.text)
    __sig_exit                               0x080043d9   Thumb Code    10  defsig_exit.o(.text)
    __rt_SIGRTMEM_inner                      0x080043e5   Thumb Code    22  defsig_rtmem_inner.o(.text)
    _sys_exit                                0x08004435   Thumb Code     8  sys_exit.o(.text)
    __default_signal_display                 0x08004441   Thumb Code    50  defsig_general.o(.text)
    _ttywrch                                 0x08004473   Thumb Code    14  sys_wrch.o(.text)
    _fp_init                                 0x08004481   Thumb Code    10  fpinit.o(x$fpl$fpinit)
    __fplib_config_fpu_vfp                   0x08004489   Thumb Code     0  fpinit.o(x$fpl$fpinit)
    __fplib_config_pureend_doubles           0x08004489   Thumb Code     0  fpinit.o(x$fpl$fpinit)
    TM_Font7x10                              0x0800448a   Data        1900  tm_stm32f4_fonts.o(.constdata)
    TM_Font11x18                             0x08004bf6   Data        3420  tm_stm32f4_fonts.o(.constdata)
    Region$$Table$$Base                      0x08005968   Number         0  anon$$obj.o(Region$$Table)
    Region$$Table$$Limit                     0x08005988   Number         0  anon$$obj.o(Region$$Table)
    TM_DELAY_Initialized                     0x20000010   Data           1  tm_stm32f4_delay.o(.data)
    TM_Time                                  0x20000014   Data           4  tm_stm32f4_delay.o(.data)
    TM_Time2                                 0x20000018   Data           4  tm_stm32f4_delay.o(.data)
    mult                                     0x2000001c   Data           4  tm_stm32f4_delay.o(.data)
    TM_Font_7x10                             0x20000020   Data           8  tm_stm32f4_fonts.o(.data)
    TM_Font_11x18                            0x20000028   Data           8  tm_stm32f4_fonts.o(.data)
    ILI9341_x                                0x20000040   Data           2  tm_stm32f4_ili9341.o(.data)
    ILI9341_y                                0x20000042   Data           2  tm_stm32f4_ili9341.o(.data)
    ILI9341_Opts                             0x20000044   Data           6  tm_stm32f4_ili9341.o(.data)
    SystemCoreClock                          0x200000dc   Data           4  system_stm32f4xx.o(.data)
    AHBPrescTable                            0x200000e0   Data          16  system_stm32f4xx.o(.data)
    accept                                   0x200000f0   Data           1  menu.o(.data)
    game                                     0x200000f1   Data           1  menu.o(.data)
    betchange                                0x200000f2   Data           1  menu.o(.data)
    resign                                   0x200000f3   Data           1  menu.o(.data)
    start_value                              0x200000f4   Data           2  menu.o(.data)
    ticks                                    0x200000f8   Data           4  menu.o(.data)
    touchData                                0x200000fc   Data           8  menu.o(.data)
    cards                                    0x20000104   Data          52  menu.o(.data)
    budget                                   0x20000138   Data          16  menu.o(.data)
    bet                                      0x20000148   Data          16  menu.o(.data)
    dealer                                   0x20000158   Data          18  menu.o(.data)
    player                                   0x2000016a   Data          18  menu.o(.data)
    A                                        0x2000017c   Data          16  menu.o(.data)
    B                                        0x2000018c   Data          16  menu.o(.data)
    C                                        0x2000019c   Data          16  menu.o(.data)
    D                                        0x200001ac   Data          16  menu.o(.data)
    E                                        0x200001bc   Data          16  menu.o(.data)
    F                                        0x200001cc   Data          16  menu.o(.data)
    stringa                                  0x20000248   Data          30  menu.o(.bss)
    __libspace_start                         0x20000268   Data          96  libspace.o(.bss)
    __temporary_stack_top$libspace           0x200002c8   Data           0  libspace.o(.bss)



==============================================================================

Memory Map of the image

  Image Entry point : 0x080001ad

  Load Region LR_IROM1 (Base: 0x08000000, Size: 0x00005b64, Max: 0x00200000, ABSOLUTE, COMPRESSED[0x00005a4c])

    Execution Region ER_IROM1 (Base: 0x08000000, Size: 0x00005988, Max: 0x00200000, ABSOLUTE)

    Base Addr    Size         Type   Attr      Idx    E Section Name        Object

    0x08000000   0x000001ac   Data   RO            3    RESET               startup_stm32f429_439xx.o
    0x080001ac   0x00000008   Code   RO          864  * !!!main             c_w.l(__main.o)
    0x080001b4   0x00000034   Code   RO         1078    !!!scatter          c_w.l(__scatter.o)
    0x080001e8   0x0000005a   Code   RO         1076    !!dczerorl2         c_w.l(__dczerorl2.o)
    0x08000242   0x00000002   PAD
    0x08000244   0x0000001c   Code   RO         1080    !!handler_zi        c_w.l(__scatter_zi.o)
    0x08000260   0x00000000   Code   RO          855    .ARM.Collect$$_printf_percent$$00000000  c_w.l(_printf_percent.o)
    0x08000260   0x00000006   Code   RO          854    .ARM.Collect$$_printf_percent$$00000008  c_w.l(_printf_i.o)
    0x08000266   0x00000006   Code   RO          853    .ARM.Collect$$_printf_percent$$00000014  c_w.l(_printf_s.o)
    0x0800026c   0x00000004   Code   RO          902    .ARM.Collect$$_printf_percent$$00000017  c_w.l(_printf_percent_end.o)
    0x08000270   0x00000002   Code   RO         1015    .ARM.Collect$$libinit$$00000000  c_w.l(libinit.o)
    0x08000272   0x00000004   Code   RO          905    .ARM.Collect$$libinit$$00000001  c_w.l(libinit2.o)
    0x08000276   0x00000000   Code   RO          908    .ARM.Collect$$libinit$$00000004  c_w.l(libinit2.o)
    0x08000276   0x00000008   Code   RO          909    .ARM.Collect$$libinit$$00000005  c_w.l(libinit2.o)
    0x0800027e   0x00000000   Code   RO          911    .ARM.Collect$$libinit$$0000000A  c_w.l(libinit2.o)
    0x0800027e   0x00000000   Code   RO          913    .ARM.Collect$$libinit$$0000000C  c_w.l(libinit2.o)
    0x0800027e   0x00000000   Code   RO          915    .ARM.Collect$$libinit$$0000000E  c_w.l(libinit2.o)
    0x0800027e   0x00000000   Code   RO          918    .ARM.Collect$$libinit$$00000011  c_w.l(libinit2.o)
    0x0800027e   0x00000000   Code   RO          920    .ARM.Collect$$libinit$$00000013  c_w.l(libinit2.o)
    0x0800027e   0x00000000   Code   RO          922    .ARM.Collect$$libinit$$00000015  c_w.l(libinit2.o)
    0x0800027e   0x00000000   Code   RO          924    .ARM.Collect$$libinit$$00000017  c_w.l(libinit2.o)
    0x0800027e   0x00000000   Code   RO          926    .ARM.Collect$$libinit$$00000019  c_w.l(libinit2.o)
    0x0800027e   0x00000000   Code   RO          928    .ARM.Collect$$libinit$$0000001B  c_w.l(libinit2.o)
    0x0800027e   0x00000000   Code   RO          930    .ARM.Collect$$libinit$$0000001D  c_w.l(libinit2.o)
    0x0800027e   0x00000000   Code   RO          932    .ARM.Collect$$libinit$$0000001F  c_w.l(libinit2.o)
    0x0800027e   0x00000000   Code   RO          934    .ARM.Collect$$libinit$$00000021  c_w.l(libinit2.o)
    0x0800027e   0x00000000   Code   RO          936    .ARM.Collect$$libinit$$00000023  c_w.l(libinit2.o)
    0x0800027e   0x00000000   Code   RO          938    .ARM.Collect$$libinit$$00000025  c_w.l(libinit2.o)
    0x0800027e   0x00000000   Code   RO          942    .ARM.Collect$$libinit$$0000002C  c_w.l(libinit2.o)
    0x0800027e   0x00000000   Code   RO          944    .ARM.Collect$$libinit$$0000002E  c_w.l(libinit2.o)
    0x0800027e   0x00000000   Code   RO          946    .ARM.Collect$$libinit$$00000030  c_w.l(libinit2.o)
    0x0800027e   0x00000000   Code   RO          948    .ARM.Collect$$libinit$$00000032  c_w.l(libinit2.o)
    0x0800027e   0x00000002   Code   RO          949    .ARM.Collect$$libinit$$00000033  c_w.l(libinit2.o)
    0x08000280   0x00000002   Code   RO         1073    .ARM.Collect$$libshutdown$$00000000  c_w.l(libshutdown.o)
    0x08000282   0x00000000   Code   RO         1029    .ARM.Collect$$libshutdown$$00000002  c_w.l(libshutdown2.o)
    0x08000282   0x00000000   Code   RO         1031    .ARM.Collect$$libshutdown$$00000004  c_w.l(libshutdown2.o)
    0x08000282   0x00000000   Code   RO         1034    .ARM.Collect$$libshutdown$$00000007  c_w.l(libshutdown2.o)
    0x08000282   0x00000000   Code   RO         1037    .ARM.Collect$$libshutdown$$0000000A  c_w.l(libshutdown2.o)
    0x08000282   0x00000000   Code   RO         1039    .ARM.Collect$$libshutdown$$0000000C  c_w.l(libshutdown2.o)
    0x08000282   0x00000000   Code   RO         1042    .ARM.Collect$$libshutdown$$0000000F  c_w.l(libshutdown2.o)
    0x08000282   0x00000002   Code   RO         1043    .ARM.Collect$$libshutdown$$00000010  c_w.l(libshutdown2.o)
    0x08000284   0x00000000   Code   RO          868    .ARM.Collect$$rtentry$$00000000  c_w.l(__rtentry.o)
    0x08000284   0x00000000   Code   RO          956    .ARM.Collect$$rtentry$$00000002  c_w.l(__rtentry2.o)
    0x08000284   0x00000006   Code   RO          968    .ARM.Collect$$rtentry$$00000004  c_w.l(__rtentry4.o)
    0x0800028a   0x00000000   Code   RO          958    .ARM.Collect$$rtentry$$00000009  c_w.l(__rtentry2.o)
    0x0800028a   0x00000004   Code   RO          959    .ARM.Collect$$rtentry$$0000000A  c_w.l(__rtentry2.o)
    0x0800028e   0x00000000   Code   RO          961    .ARM.Collect$$rtentry$$0000000C  c_w.l(__rtentry2.o)
    0x0800028e   0x00000008   Code   RO          962    .ARM.Collect$$rtentry$$0000000D  c_w.l(__rtentry2.o)
    0x08000296   0x00000002   Code   RO         1018    .ARM.Collect$$rtexit$$00000000  c_w.l(rtexit.o)
    0x08000298   0x00000000   Code   RO         1047    .ARM.Collect$$rtexit$$00000002  c_w.l(rtexit2.o)
    0x08000298   0x00000004   Code   RO         1048    .ARM.Collect$$rtexit$$00000003  c_w.l(rtexit2.o)
    0x0800029c   0x00000006   Code   RO         1049    .ARM.Collect$$rtexit$$00000004  c_w.l(rtexit2.o)
    0x080002a2   0x00000002   PAD
    0x080002a4   0x00000000   Code   RO          972    .emb_text           c_w.l(maybetermalloc1.o)
    0x080002a4   0x00000040   Code   RO            4    .text               startup_stm32f429_439xx.o
    0x080002e4   0x000000b0   Code   RO           13    .text               misc.o
    0x08000394   0x00000488   Code   RO          151    .text               stm32f4xx_rcc.o
    0x0800081c   0x0000020c   Code   RO          177    .text               stm32f4xx_gpio.o
    0x08000a28   0x00000360   Code   RO          201    .text               stm32f4xx_i2c.o
    0x08000d88   0x0000032c   Code   RO          225    .text               stm32f4xx_spi.o
    0x080010b4   0x00000320   Code   RO          249    .text               stm32f4xx_dma.o
    0x080013d4   0x00000180   Code   RO          273    .text               tm_stm32f4_delay.o
    0x08001554   0x00000320   Code   RO          359    .text               tm_stm32f4_stmpe811.o
    0x08001874   0x00000640   Code   RO          400    .text               tm_stm32f4_spi.o
    0x08001eb4   0x00000466   Code   RO          428    .text               tm_stm32f4_i2c.o
    0x0800231a   0x00000002   PAD
    0x0800231c   0x00000962   Code   RO          455    .text               tm_stm32f4_ili9341.o
    0x08002c7e   0x00000002   PAD
    0x08002c80   0x0000029c   Code   RO          503    .text               tm_stm32f4_gpio.o
    0x08002f1c   0x000002e8   Code   RO          530    .text               tm_stm32f4_spi_dma.o
    0x08003204   0x000001f4   Code   RO          557    .text               tm_stm32f4_dma.o
    0x080033f8   0x000000a8   Code   RO          587    .text               main.o
    0x080034a0   0x0000001a   Code   RO          632    .text               stm32f4xx_it.o
    0x080034ba   0x00000002   PAD
    0x080034bc   0x0000019c   Code   RO          659    .text               system_stm32f4xx.o
    0x08003658   0x0000081c   Code   RO          721    .text               menu.o
    0x08003e74   0x0000005e   Code   RO          765    .text               c_w.l(h1_alloc.o)
    0x08003ed2   0x0000004e   Code   RO          767    .text               c_w.l(h1_free.o)
    0x08003f20   0x00000028   Code   RO          825    .text               c_w.l(noretval__2sprintf.o)
    0x08003f48   0x00000068   Code   RO          827    .text               c_w.l(__printf.o)
    0x08003fb0   0x00000052   Code   RO          829    .text               c_w.l(_printf_str.o)
    0x08004002   0x00000002   PAD
    0x08004004   0x00000078   Code   RO          831    .text               c_w.l(_printf_dec.o)
    0x0800407c   0x0000008a   Code   RO          858    .text               c_w.l(rt_memcpy_v6.o)
    0x08004106   0x00000064   Code   RO          860    .text               c_w.l(rt_memcpy_w.o)
    0x0800416a   0x00000006   Code   RO          862    .text               c_w.l(heapauxi.o)
    0x08004170   0x00000008   Code   RO          872    .text               c_w.l(rt_heap_descriptor_intlibspace.o)
    0x08004178   0x00000004   Code   RO          874    .text               c_w.l(hguard.o)
    0x0800417c   0x0000008a   Code   RO          876    .text               c_w.l(init_alloc.o)
    0x08004206   0x0000000e   Code   RO          880    .text               c_w.l(h1_init.o)
    0x08004214   0x000000b2   Code   RO          894    .text               c_w.l(_printf_intcommon.o)
    0x080042c6   0x00000002   PAD
    0x080042c8   0x00000030   Code   RO          896    .text               c_w.l(_printf_char_common.o)
    0x080042f8   0x0000000a   Code   RO          898    .text               c_w.l(_sputc.o)
    0x08004302   0x0000002c   Code   RO          900    .text               c_w.l(_printf_char.o)
    0x0800432e   0x00000002   PAD
    0x08004330   0x00000008   Code   RO          952    .text               c_w.l(libspace.o)
    0x08004338   0x00000034   Code   RO          974    .text               c_w.l(h1_extend.o)
    0x0800436c   0x0000000e   Code   RO          980    .text               c_w.l(defsig_rtmem_outer.o)
    0x0800437a   0x00000002   Code   RO          991    .text               c_w.l(use_no_semi.o)
    0x0800437c   0x00000000   Code   RO          993    .text               c_w.l(indicate_semi.o)
    0x0800437c   0x0000004a   Code   RO          994    .text               c_w.l(sys_stackheap_outer.o)
    0x080043c6   0x00000012   Code   RO         1000    .text               c_w.l(exit.o)
    0x080043d8   0x0000000a   Code   RO         1002    .text               c_w.l(defsig_exit.o)
    0x080043e2   0x00000002   PAD
    0x080043e4   0x00000050   Code   RO         1004    .text               c_w.l(defsig_rtmem_inner.o)
    0x08004434   0x0000000c   Code   RO         1016    .text               c_w.l(sys_exit.o)
    0x08004440   0x00000032   Code   RO         1026    .text               c_w.l(defsig_general.o)
    0x08004472   0x0000000e   Code   RO         1044    .text               c_w.l(sys_wrch.o)
    0x08004480   0x0000000a   Code   RO          989    x$fpl$fpinit        fz_wm.l(fpinit.o)
    0x0800448a   0x0000076c   Data   RO          322    .constdata          tm_stm32f4_fonts.o
    0x08004bf6   0x00000d5c   Data   RO          323    .constdata          tm_stm32f4_fonts.o
    0x08005952   0x00000014   Data   RO          558    .constdata          tm_stm32f4_dma.o
    0x08005966   0x00000002   PAD
    0x08005968   0x00000020   Data   RO         1074    Region$$Table       anon$$obj.o


    Execution Region RW_IRAM1 (Base: 0x20000000, Size: 0x000008c8, Max: 0x00030000, ABSOLUTE, COMPRESSED[0x000000c4])

    Base Addr    Size         Type   Attr      Idx    E Section Name        Object

    0x20000000   0x00000010   Data   RW          152    .data               stm32f4xx_rcc.o
    0x20000010   0x00000010   Data   RW          276    .data               tm_stm32f4_delay.o
    0x20000020   0x00000008   Data   RW          325    .data               tm_stm32f4_fonts.o
    0x20000028   0x00000008   Data   RW          326    .data               tm_stm32f4_fonts.o
    0x20000030   0x00000010   Data   RW          429    .data               tm_stm32f4_i2c.o
    0x20000040   0x0000000a   Data   RW          457    .data               tm_stm32f4_ili9341.o
    0x2000004a   0x00000002   PAD
    0x2000004c   0x00000090   Data   RW          532    .data               tm_stm32f4_spi_dma.o
    0x200000dc   0x00000014   Data   RW          660    .data               system_stm32f4xx.o
    0x200000f0   0x000000ec   Data   RW          723    .data               menu.o
    0x200001dc   0x00000018   Zero   RW          274    .bss                tm_stm32f4_delay.o
    0x200001f4   0x00000016   Zero   RW          504    .bss                tm_stm32f4_gpio.o
    0x2000020a   0x00000002   PAD
    0x2000020c   0x0000003c   Zero   RW          531    .bss                tm_stm32f4_spi_dma.o
    0x20000248   0x0000001e   Zero   RW          722    .bss                menu.o
    0x20000266   0x00000002   PAD
    0x20000268   0x00000060   Zero   RW          953    .bss                c_w.l(libspace.o)
    0x200002c8   0x00000200   Zero   RW            2    HEAP                startup_stm32f429_439xx.o
    0x200004c8   0x00000400   Zero   RW            1    STACK               startup_stm32f429_439xx.o


==============================================================================

Image component sizes


      Code (inc. data)   RO Data    RW Data    ZI Data      Debug   Object Name

       168         32          0          0          0       1726   main.o
      2076        220          0        236         30       5649   menu.o
       176         12          0          0          0     304089   misc.o
        64         26        428          0       1536       1088   startup_stm32f429_439xx.o
       800         32          0          0          0       7409   stm32f4xx_dma.o
       524         44          0          0          0       4921   stm32f4xx_gpio.o
       864         20          0          0          0       9615   stm32f4xx_i2c.o
        26          0          0          0          0       1504   stm32f4xx_it.o
      1160         52          0         16          0      13988   stm32f4xx_rcc.o
       812         36          0          0          0       7817   stm32f4xx_spi.o
       412         40          0         20          0       2159   system_stm32f4xx.o
       384         20          0         16         24      33654   tm_stm32f4_delay.o
       500         16         20          0          0      32489   tm_stm32f4_dma.o
         0          0       5320         16          0       1629   tm_stm32f4_fonts.o
       668         14          0          0         22       5646   tm_stm32f4_gpio.o
      1126         44          0         16          0       7320   tm_stm32f4_i2c.o
      2402         34          0         10          0      15654   tm_stm32f4_ili9341.o
      1600         78          0          0          0       9813   tm_stm32f4_spi.o
       744         40          0        144         60       5246   tm_stm32f4_spi_dma.o
       800         14          0          0          0      12160   tm_stm32f4_stmpe811.o

    ----------------------------------------------------------------------
     15312        774       5802        476       1676     483576   Object Totals
         0          0         32          0          0          0   (incl. Generated)
         6          0          2          2          4          0   (incl. Padding)

    ----------------------------------------------------------------------

      Code (inc. data)   RO Data    RW Data    ZI Data      Debug   Library Member Name

        90          0          0          0          0          0   __dczerorl2.o
         8          0          0          0          0         68   __main.o
       104          0          0          0          0         84   __printf.o
         0          0          0          0          0          0   __rtentry.o
        12          0          0          0          0          0   __rtentry2.o
         6          0          0          0          0          0   __rtentry4.o
        52          8          0          0          0          0   __scatter.o
        28          0          0          0          0          0   __scatter_zi.o
        44          0          0          0          0        108   _printf_char.o
        48          6          0          0          0         96   _printf_char_common.o
       120         16          0          0          0         92   _printf_dec.o
         6          0          0          0          0          0   _printf_i.o
       178          0          0          0          0         88   _printf_intcommon.o
         0          0          0          0          0          0   _printf_percent.o
         4          0          0          0          0          0   _printf_percent_end.o
         6          0          0          0          0          0   _printf_s.o
        82          0          0          0          0         80   _printf_str.o
        10          0          0          0          0         68   _sputc.o
        10          0          0          0          0         68   defsig_exit.o
        50          0          0          0          0         88   defsig_general.o
        80         58          0          0          0         76   defsig_rtmem_inner.o
        14          0          0          0          0         80   defsig_rtmem_outer.o
        18          0          0          0          0         80   exit.o
        94          0          0          0          0         80   h1_alloc.o
        52          0          0          0          0         68   h1_extend.o
        78          0          0          0          0         80   h1_free.o
        14          0          0          0          0         84   h1_init.o
         6          0          0          0          0        152   heapauxi.o
         4          0          0          0          0        136   hguard.o
         0          0          0          0          0          0   indicate_semi.o
       138          0          0          0          0        168   init_alloc.o
         2          0          0          0          0          0   libinit.o
        14          0          0          0          0          0   libinit2.o
         2          0          0          0          0          0   libshutdown.o
         2          0          0          0          0          0   libshutdown2.o
         8          4          0          0         96         68   libspace.o
         0          0          0          0          0          0   maybetermalloc1.o
        40          6          0          0          0         84   noretval__2sprintf.o
         8          4          0          0          0         68   rt_heap_descriptor_intlibspace.o
       138          0          0          0          0         68   rt_memcpy_v6.o
       100          0          0          0          0         80   rt_memcpy_w.o
         2          0          0          0          0          0   rtexit.o
        10          0          0          0          0          0   rtexit2.o
        12          4          0          0          0         68   sys_exit.o
        74          0          0          0          0         80   sys_stackheap_outer.o
        14          0          0          0          0         76   sys_wrch.o
         2          0          0          0          0         68   use_no_semi.o
        10          0          0          0          0        116   fpinit.o

    ----------------------------------------------------------------------
      1806        106          0          0         96       2620   Library Totals
        12          0          0          0          0          0   (incl. Padding)

    ----------------------------------------------------------------------

      Code (inc. data)   RO Data    RW Data    ZI Data      Debug   Library Name

      1784        106          0          0         96       2504   c_w.l
        10          0          0          0          0        116   fz_wm.l

    ----------------------------------------------------------------------
      1806        106          0          0         96       2620   Library Totals

    ----------------------------------------------------------------------

==============================================================================


      Code (inc. data)   RO Data    RW Data    ZI Data      Debug   

     17118        880       5802        476       1772     480044   Grand Totals
     17118        880       5802        196       1772     480044   ELF Image Totals (compressed)
     17118        880       5802        196          0          0   ROM Totals

==============================================================================

    Total RO  Size (Code + RO Data)                22920 (  22.38kB)
    Total RW  Size (RW Data + ZI Data)              2248 (   2.20kB)
    Total ROM Size (Code + RO Data + RW Data)      23116 (  22.57kB)

==============================================================================

