<html>
<body>
<pre>
<h1>µVision Build Log</h1>
<h2>Tool Versions:</h2>
IDE-Version: µVision V5.21.1.0
Copyright (C) 2016 ARM Ltd and ARM Germany GmbH. All rights reserved.
License Information: Krzysztof Timek, AGH, LIC=21ERA-1DW3W-U4VS7-EFY4S-PP11B-ZNZEK
 
Tool Versions:
Toolchain:       MDK-ARM Plus  Version: 5.21a
Toolchain Path:  C:\Keil_v5\ARM\ARMCC\Bin
C Compiler:      Armcc.exe V5.06 update 3 (build 300)
Assembler:       Armasm.exe V5.06 update 3 (build 300)
Linker/Locator:  ArmLink.exe V5.06 update 3 (build 300)
Library Manager: ArmAr.exe V5.06 update 3 (build 300)
Hex Converter:   FromElf.exe V5.06 update 3 (build 300)
CPU DLL:         SARMCM3.DLL V5.21a
Dialog DLL:      DCM.DLL V1.13.8.0
Target DLL:      STLink\ST-LINKIII-KEIL_SWO.dll V2.0.18.0
Dialog DLL:      TCM.DLL V1.14.14.0
 
<h2>Project:</h2>
C:\Users\Krzysztof\Documents\Studia\VI semestr\am\am_project\AM_projekt\10-STM32F429_STMPE811\project.uvprojx
Project File Date:  06/29/2017

<h2>Output:</h2>
*** Using Compiler 'V5.06 update 3 (build 300)', folder: 'C:\Keil_v5\ARM\ARMCC\Bin'
Build target 'STM32F429-Discovery'
assembling startup_stm32f429_439xx.s...
compiling core.c...
User\core.c(7): warning:  #111-D: statement is unreachable
  		case 50: return 2; break;
User\core.c(8): warning:  #111-D: statement is unreachable
  		case 51: return 3; break;
User\core.c(9): warning:  #111-D: statement is unreachable
  		case 52: return 4; break;
User\core.c(10): warning:  #111-D: statement is unreachable
  		case 53: return 5; break;
User\core.c(11): warning:  #111-D: statement is unreachable
  		case 54: return 6; break;
User\core.c(12): warning:  #111-D: statement is unreachable
  		case 55: return 7; break;
User\core.c(13): warning:  #111-D: statement is unreachable
  		case 56: return 8; break;
User\core.c(14): warning:  #111-D: statement is unreachable
  		case 57: return 9; break;
User\core.c(15): warning:  #111-D: statement is unreachable
  		case 49: return 10; break;
User\core.c(16): warning:  #111-D: statement is unreachable
  		case 74: return 10; break;
User\core.c(17): warning:  #111-D: statement is unreachable
  		case 81: return 10; break;
User\core.c(18): warning:  #111-D: statement is unreachable
  		case 75: return 10; break;
User\core.c(19): warning:  #111-D: statement is unreachable
  		case 65: return 11; break;
User\core.c(20): warning:  #111-D: statement is unreachable
  		default: return 0; break;
User\core.c: 14 warnings, 0 errors
linking...
Program Size: Code=18334 RO-data=5802 RW-data=480 ZI-data=1880  
FromELF: creating hex file...
".\Targets\STM32F429_Discovery\project.axf" - 0 Error(s), 14 Warning(s).

<h2>Software Packages used:</h2>

Package Vendor: ARM
                http://www.keil.com/pack/ARM.CMSIS.5.0.1.pack
                ARM::CMSIS:CORE:5.0.1
                CMSIS (Cortex Microcontroller Software Interface Standard)
   * Component: CORE Version: 5.0.1

<h2>Collection of Component include folders:</h2>
  C:\Users\Krzysztof\Documents\Studia\VI semestr\am\am_project\AM_projekt\10-STM32F429_STMPE811\RTE
  C:\Keil_v5\ARM\PACK\ARM\CMSIS\5.0.1\CMSIS\Include
  C:\Keil_v5\ARM\PACK\Keil\STM32F4xx_DFP\2.11.0\Drivers\CMSIS\Device\ST\STM32F4xx\Include

<h2>Collection of Component Files used:</h2>

   * Component: ARM::CMSIS:CORE:5.0.1
Build Time Elapsed:  00:00:02
</pre>
</body>
</html>
